<html>
<body>
<pre>
<h1>µVision Build Log</h1>
<h2>Tool Versions:</h2>
IDE-Version: ¦ÌVision V5.40.0.0
Copyright (C) 2024 ARM Ltd and ARM Germany GmbH. All rights reserved.
License Information: w hm0314, 123, LIC=KRMW3-A2BSY-DYHV3-AWPP5-WMZ31-6R9P8
 
Tool Versions:
Toolchain:       MDK-ARM Plus  Version: 5.40.0.3
Toolchain Path:  D:\robot\keil\ARM\ARMCLANG\Bin
C Compiler:      ArmClang.exe V6.22
Assembler:       Armasm.exe V6.22
Linker/Locator:  ArmLink.exe V6.22
Library Manager: ArmAr.exe V6.22
Hex Converter:   FromElf.exe V6.22
CPU DLL:         SARMCM3.DLL V5.40.0.3
Dialog DLL:      DCM.DLL V1.17.5.0
Target DLL:      CMSIS_AGDI.dll V1.33.18.0
Dialog DLL:      TCM.DLL V1.56.4.0
 
<h2>Project:</h2>
D:\×ÀÃæ\ÊµÑé\IMU90_JX\IMU90_JX\MDK-ARM\IMU90_JX.uvprojx
Project File Date:  12/30/2025

<h2>Output:</h2>
*** Using Compiler 'V6.22', folder: 'D:\robot\keil\ARM\ARMCLANG\Bin'
Build target 'IMU90_JX'
compiling MahonyAHRS.c...
linking...
Program Size: Code=29366 RO-data=766 RW-data=64 ZI-data=3216  
FromELF: creating hex file...
.\IMU90_JX\IMU90_JX.hex: Error: Q0108E: Could not create output file '.\IMU90_JX\IMU90_JX.hex': Permission denied
Finished: 0 information, 0 warning and 1 error messages.
".\IMU90_JX\IMU90_JX.axf" - 0 Error(s), 0 Warning(s).

<h2>Software Packages used:</h2>

Package Vendor: ARM
                https://www.keil.com/pack/ARM.CMSIS.6.1.0.pack
                ARM::CMSIS@6.1.0
                CMSIS (Common Microcontroller Software Interface Standard)
   * Component: CORE Version: 6.1.0

Package Vendor: Keil
                http://www.keil.com/pack/Keil.STM32H7xx_DFP.3.0.0.pack
                Keil::STM32H7xx_DFP@3.0.0
                STMicroelectronics STM32H7 Series Device Support and Examples

<h2>Collection of Component include folders:</h2>
  ./RTE/_IMU90_JX
  D:/robot/keil/ARM/CMSIS/6.1.0/CMSIS/Core/Include
  D:/robot/keil/Keil/STM32H7xx_DFP/3.0.0/Drivers/CMSIS/Device/ST/STM32H7xx/Include

<h2>Collection of Component Files used:</h2>

   * Component: ARM::CMSIS:CORE@6.1.0
      Include file:  CMSIS/Core/Include/tz_context.h
Build Time Elapsed:  00:00:01
</pre>
</body>
</html>
