Component: Arm Compiler for Embedded 6.22 Tool: armlink [5ee90200]

==============================================================================

Section Cross References

    startup_stm32h743xx.o(STACK) refers (Special) to heapauxi.o(.text) for __use_two_region_memory
    startup_stm32h743xx.o(HEAP) refers (Special) to heapauxi.o(.text) for __use_two_region_memory
    startup_stm32h743xx.o(RESET) refers (Special) to heapauxi.o(.text) for __use_two_region_memory
    startup_stm32h743xx.o(RESET) refers to startup_stm32h743xx.o(STACK) for __initial_sp
    startup_stm32h743xx.o(RESET) refers to startup_stm32h743xx.o(.text) for Reset_Handler
    startup_stm32h743xx.o(RESET) refers to stm32h7xx_it.o(.text.NMI_Handler) for NMI_Handler
    startup_stm32h743xx.o(RESET) refers to stm32h7xx_it.o(.text.HardFault_Handler) for HardFault_Handler
    startup_stm32h743xx.o(RESET) refers to stm32h7xx_it.o(.text.MemManage_Handler) for MemManage_Handler
    startup_stm32h743xx.o(RESET) refers to stm32h7xx_it.o(.text.BusFault_Handler) for BusFault_Handler
    startup_stm32h743xx.o(RESET) refers to stm32h7xx_it.o(.text.UsageFault_Handler) for UsageFault_Handler
    startup_stm32h743xx.o(RESET) refers to stm32h7xx_it.o(.text.SVC_Handler) for SVC_Handler
    startup_stm32h743xx.o(RESET) refers to stm32h7xx_it.o(.text.DebugMon_Handler) for DebugMon_Handler
    startup_stm32h743xx.o(RESET) refers to stm32h7xx_it.o(.text.PendSV_Handler) for PendSV_Handler
    startup_stm32h743xx.o(RESET) refers to stm32h7xx_it.o(.text.SysTick_Handler) for SysTick_Handler
    startup_stm32h743xx.o(RESET) refers to stm32h7xx_it.o(.text.DMA1_Stream0_IRQHandler) for DMA1_Stream0_IRQHandler
    startup_stm32h743xx.o(RESET) refers to stm32h7xx_it.o(.text.DMA1_Stream1_IRQHandler) for DMA1_Stream1_IRQHandler
    startup_stm32h743xx.o(RESET) refers to stm32h7xx_it.o(.text.DMA1_Stream2_IRQHandler) for DMA1_Stream2_IRQHandler
    startup_stm32h743xx.o(RESET) refers to stm32h7xx_it.o(.text.DMA1_Stream3_IRQHandler) for DMA1_Stream3_IRQHandler
    startup_stm32h743xx.o(RESET) refers to stm32h7xx_it.o(.text.TIM2_IRQHandler) for TIM2_IRQHandler
    startup_stm32h743xx.o(RESET) refers to stm32h7xx_it.o(.text.TIM3_IRQHandler) for TIM3_IRQHandler
    startup_stm32h743xx.o(RESET) refers to stm32h7xx_it.o(.text.SPI1_IRQHandler) for SPI1_IRQHandler
    startup_stm32h743xx.o(RESET) refers to stm32h7xx_it.o(.text.USART2_IRQHandler) for USART2_IRQHandler
    startup_stm32h743xx.o(RESET) refers to stm32h7xx_it.o(.text.USART3_IRQHandler) for USART3_IRQHandler
    startup_stm32h743xx.o(RESET) refers to stm32h7xx_it.o(.text.UART4_IRQHandler) for UART4_IRQHandler
    startup_stm32h743xx.o(RESET) refers to stm32h7xx_it.o(.text.UART7_IRQHandler) for UART7_IRQHandler
    startup_stm32h743xx.o(.text) refers (Special) to heapauxi.o(.text) for __use_two_region_memory
    startup_stm32h743xx.o(.text) refers to system_stm32h7xx.o(.text.SystemInit) for SystemInit
    startup_stm32h743xx.o(.text) refers to __main.o(!!!main) for __main
    startup_stm32h743xx.o(.text) refers to startup_stm32h743xx.o(HEAP) for Heap_Mem
    startup_stm32h743xx.o(.text) refers to startup_stm32h743xx.o(STACK) for Stack_Mem
    bsp_adxl355.o(.text.SPI_ReadWriteByte) refers to spi.o(.bss.hspi1) for hspi1
    bsp_adxl355.o(.text.SPI_ReadWriteByte) refers to stm32h7xx_hal_spi.o(.text.HAL_SPI_TransmitReceive) for HAL_SPI_TransmitReceive
    bsp_adxl355.o(.ARM.exidx.text.SPI_ReadWriteByte) refers to bsp_adxl355.o(.text.SPI_ReadWriteByte) for [Anonymous Symbol]
    bsp_adxl355.o(.text.SPI_ADXL355_WRITE) refers to stm32h7xx_hal_gpio.o(.text.HAL_GPIO_WritePin) for HAL_GPIO_WritePin
    bsp_adxl355.o(.text.SPI_ADXL355_WRITE) refers to spi.o(.bss.hspi1) for hspi1
    bsp_adxl355.o(.text.SPI_ADXL355_WRITE) refers to stm32h7xx_hal_spi.o(.text.HAL_SPI_TransmitReceive) for HAL_SPI_TransmitReceive
    bsp_adxl355.o(.ARM.exidx.text.SPI_ADXL355_WRITE) refers to bsp_adxl355.o(.text.SPI_ADXL355_WRITE) for [Anonymous Symbol]
    bsp_adxl355.o(.text.SPI_ADXL355_READ1BYTE) refers to stm32h7xx_hal_gpio.o(.text.HAL_GPIO_WritePin) for HAL_GPIO_WritePin
    bsp_adxl355.o(.text.SPI_ADXL355_READ1BYTE) refers to spi.o(.bss.hspi1) for hspi1
    bsp_adxl355.o(.text.SPI_ADXL355_READ1BYTE) refers to stm32h7xx_hal_spi.o(.text.HAL_SPI_TransmitReceive) for HAL_SPI_TransmitReceive
    bsp_adxl355.o(.ARM.exidx.text.SPI_ADXL355_READ1BYTE) refers to bsp_adxl355.o(.text.SPI_ADXL355_READ1BYTE) for [Anonymous Symbol]
    bsp_adxl355.o(.text.SPI_ADXL355_READ3BYTE) refers to stm32h7xx_hal_gpio.o(.text.HAL_GPIO_WritePin) for HAL_GPIO_WritePin
    bsp_adxl355.o(.text.SPI_ADXL355_READ3BYTE) refers to spi.o(.bss.hspi1) for hspi1
    bsp_adxl355.o(.text.SPI_ADXL355_READ3BYTE) refers to stm32h7xx_hal_spi.o(.text.HAL_SPI_TransmitReceive) for HAL_SPI_TransmitReceive
    bsp_adxl355.o(.ARM.exidx.text.SPI_ADXL355_READ3BYTE) refers to bsp_adxl355.o(.text.SPI_ADXL355_READ3BYTE) for [Anonymous Symbol]
[...]
    [Anonymous Symbol]                       0x08004ba0   Section        0  stm32h7xx_hal_tim.o(.text.HAL_TIM_ConfigClockSource)
    [Anonymous Symbol]                       0x08004d98   Section        0  stm32h7xx_hal_tim.o(.text.HAL_TIM_IC_CaptureCallback)
    [Anonymous Symbol]                       0x08004da0   Section        0  stm32h7xx_hal_tim.o(.text.HAL_TIM_IRQHandler)
    [Anonymous Symbol]                       0x08004f28   Section        0  stm32h7xx_hal_tim.o(.text.HAL_TIM_OC_DelayElapsedCallback)
    [Anonymous Symbol]                       0x08004f30   Section        0  stm32h7xx_hal_tim.o(.text.HAL_TIM_PWM_PulseFinishedCallback)
    [Anonymous Symbol]                       0x08004f38   Section        0  stm32h7xx_it.o(.text.HAL_TIM_PeriodElapsedCallback)
    [Anonymous Symbol]                       0x08004f68   Section        0  stm32h7xx_hal_tim.o(.text.HAL_TIM_TriggerCallback)
    [Anonymous Symbol]                       0x08004f70   Section        0  stm32h7xx_hal_uart_ex.o(.text.HAL_UARTEx_DisableFifoMode)
    [Anonymous Symbol]                       0x08004fa8   Section        0  stm32h7xx_hal_uart.o(.text.HAL_UARTEx_RxEventCallback)
    [Anonymous Symbol]                       0x08004fb0   Section        0  stm32h7xx_hal_uart_ex.o(.text.HAL_UARTEx_RxFifoFullCallback)
    [Anonymous Symbol]                       0x08004fb8   Section        0  stm32h7xx_hal_uart_ex.o(.text.HAL_UARTEx_SetRxFifoThreshold)
    [Anonymous Symbol]                       0x08005050   Section        0  stm32h7xx_hal_uart_ex.o(.text.HAL_UARTEx_SetTxFifoThreshold)
    [Anonymous Symbol]                       0x080050e8   Section        0  stm32h7xx_hal_uart_ex.o(.text.HAL_UARTEx_TxFifoEmptyCallback)
    [Anonymous Symbol]                       0x080050f0   Section        0  stm32h7xx_hal_uart_ex.o(.text.HAL_UARTEx_WakeupCallback)
    [Anonymous Symbol]                       0x080050f8   Section        0  stm32h7xx_hal_uart.o(.text.HAL_UART_DMAStop)
    [Anonymous Symbol]                       0x08005208   Section        0  stm32h7xx_hal_uart.o(.text.HAL_UART_EnableReceiverTimeout)
    [Anonymous Symbol]                       0x08005250   Section        0  stm32h7xx_hal_uart.o(.text.HAL_UART_ErrorCallback)
    [Anonymous Symbol]                       0x08005258   Section        0  stm32h7xx_hal_uart.o(.text.HAL_UART_IRQHandler)
    [Anonymous Symbol]                       0x080055e0   Section        0  stm32h7xx_hal_uart.o(.text.HAL_UART_Init)
    [Anonymous Symbol]                       0x080056a8   Section        0  usart.o(.text.HAL_UART_MspInit)
    [Anonymous Symbol]                       0x080059c8   Section        0  stm32h7xx_hal_uart.o(.text.HAL_UART_Receive_DMA)
    [Anonymous Symbol]                       0x08005ae8   Section        0  stm32h7xx_hal_uart.o(.text.HAL_UART_ReceiverTimeout_Config)
    [Anonymous Symbol]                       0x08005b08   Section        0  stm32h7xx_hal_uart.o(.text.HAL_UART_RxCpltCallback)
    [Anonymous Symbol]                       0x08005b10   Section        0  stm32h7xx_hal_uart.o(.text.HAL_UART_RxHalfCpltCallback)
    [Anonymous Symbol]                       0x08005b18   Section        0  stm32h7xx_hal_uart.o(.text.HAL_UART_Transmit_DMA)
    [Anonymous Symbol]                       0x08005bd8   Section        0  stm32h7xx_hal_uart.o(.text.HAL_UART_TxCpltCallback)
    [Anonymous Symbol]                       0x08005be0   Section        0  stm32h7xx_hal_uart.o(.text.HAL_UART_TxHalfCpltCallback)
    [Anonymous Symbol]                       0x08005be8   Section        0  stm32h7xx_it.o(.text.HardFault_Handler)
    [Anonymous Symbol]                       0x08005bf0   Section        0  dma.o(.text.MX_DMA_Init)
    [Anonymous Symbol]                       0x08005c58   Section        0  gpio.o(.text.MX_GPIO_Init)
    [Anonymous Symbol]                       0x08005d68   Section        0  spi.o(.text.MX_SPI1_Init)
    [Anonymous Symbol]                       0x08005dd0   Section        0  tim.o(.text.MX_TIM2_Init)
    [Anonymous Symbol]                       0x08005e58   Section        0  tim.o(.text.MX_TIM3_Init)
    [Anonymous Symbol]                       0x08005ee8   Section        0  usart.o(.text.MX_UART4_Init)
    [Anonymous Symbol]                       0x08005f68   Section        0  usart.o(.text.MX_UART7_Init)
    [Anonymous Symbol]                       0x08006018   Section        0  usart.o(.text.MX_USART2_UART_Init)
    [Anonymous Symbol]                       0x08006098   Section        0  usart.o(.text.MX_USART3_UART_Init)
    [Anonymous Symbol]                       0x08006118   Section        0  stm32h7xx_it.o(.text.MemManage_Handler)
    [Anonymous Symbol]                       0x08006120   Section        0  stm32h7xx_it.o(.text.NMI_Handler)
    [Anonymous Symbol]                       0x08006128   Section        0  stm32h7xx_it.o(.text.PendSV_Handler)
    RCCEx_PLL2_Config                        0x08006131   Thumb Code   286  stm32h7xx_hal_rcc_ex.o(.text.RCCEx_PLL2_Config)
    [Anonymous Symbol]                       0x08006130   Section        0  stm32h7xx_hal_rcc_ex.o(.text.RCCEx_PLL2_Config)
    RCCEx_PLL3_Config                        0x08006251   Thumb Code   286  stm32h7xx_hal_rcc_ex.o(.text.RCCEx_PLL3_Config)
    [Anonymous Symbol]                       0x08006250   Section        0  stm32h7xx_hal_rcc_ex.o(.text.RCCEx_PLL3_Config)
    [Anonymous Symbol]                       0x08006370   Section        0  stm32h7xx_it.o(.text.SPI1_IRQHandler)
    [Anonymous Symbol]                       0x08006380   Section        0  bsp_adxl355.o(.text.SPI_ADXL355_READ1BYTE)
    [Anonymous Symbol]                       0x08006400   Section        0  bsp_adxl355.o(.text.SPI_ADXL355_READ3BYTE)
    SPI_CloseTransfer                        0x080064d9   Thumb Code   196  stm32h7xx_hal_spi.o(.text.SPI_CloseTransfer)
    [Anonymous Symbol]                       0x080064d8   Section        0  stm32h7xx_hal_spi.o(.text.SPI_CloseTransfer)
    SPI_DMAAbortOnError                      0x080065a1   Thumb Code    22  stm32h7xx_hal_spi.o(.text.SPI_DMAAbortOnError)
    [Anonymous Symbol]                       0x080065a0   Section        0  stm32h7xx_hal_spi.o(.text.SPI_DMAAbortOnError)
    [Anonymous Symbol]                       0x080065b8   Section        0  stm32h7xx_it.o(.text.SVC_Handler)
    [Anonymous Symbol]                       0x080065c0   Section        0  stm32h7xx_it.o(.text.SysTick_Handler)
    [Anonymous Symbol]                       0x080065c8   Section        0  main.o(.text.SystemClock_Config)
    [Anonymous Symbol]                       0x08006698   Section        0  system_stm32h7xx.o(.text.SystemInit)
    [Anonymous Symbol]                       0x08006768   Section        0  stm32h7xx_it.o(.text.TIM2_IRQHandler)
    [Anonymous Symbol]                       0x08006778   Section        0  stm32h7xx_it.o(.text.TIM3_IRQHandler)
    [Anonymous Symbol]                       0x08006788   Section        0  stm32h7xx_hal_tim.o(.text.TIM_Base_SetConfig)
    [Anonymous Symbol]                       0x080068c8   Section        0  stm32h7xx_it.o(.text.UART4_IRQHandler)
    [Anonymous Symbol]                       0x080068d8   Section        0  stm32h7xx_it.o(.text.UART7_IRQHandler)
    [Anonymous Symbol]                       0x080068f0   Section        0  stm32h7xx_hal_uart.o(.text.UART_AdvFeatureConfig)
    UART_DMAAbortOnError                     0x080069d1   Thumb Code    16  stm32h7xx_hal_uart.o(.text.UART_DMAAbortOnError)
    [Anonymous Symbol]                       0x080069d0   Section        0  stm32h7xx_hal_uart.o(.text.UART_DMAAbortOnError)
    UART_DMAError                            0x080069e1   Thumb Code   200  stm32h7xx_hal_uart.o(.text.UART_DMAError)
    [Anonymous Symbol]                       0x080069e0   Section        0  stm32h7xx_hal_uart.o(.text.UART_DMAError)
    UART_DMAReceiveCplt                      0x08006aa9   Thumb Code   126  stm32h7xx_hal_uart.o(.text.UART_DMAReceiveCplt)
    [Anonymous Symbol]                       0x08006aa8   Section        0  stm32h7xx_hal_uart.o(.text.UART_DMAReceiveCplt)
    UART_DMARxHalfCplt                       0x08006b29   Thumb Code    22  stm32h7xx_hal_uart.o(.text.UART_DMARxHalfCplt)
    [Anonymous Symbol]                       0x08006b28   Section        0  stm32h7xx_hal_uart.o(.text.UART_DMARxHalfCplt)
    UART_DMATransmitCplt                     0x08006b41   Thumb Code    62  stm32h7xx_hal_uart.o(.text.UART_DMATransmitCplt)
    [Anonymous Symbol]                       0x08006b40   Section        0  stm32h7xx_hal_uart.o(.text.UART_DMATransmitCplt)
    UART_DMATxHalfCplt                       0x08006b81   Thumb Code     6  stm32h7xx_hal_uart.o(.text.UART_DMATxHalfCplt)
    [Anonymous Symbol]                       0x08006b80   Section        0  stm32h7xx_hal_uart.o(.text.UART_DMATxHalfCplt)
    [Anonymous Symbol]                       0x08006b88   Section        0  stm32h7xx_hal_uart.o(.text.UART_SetConfig)
    [Anonymous Symbol]                       0x08006fd0   Section        0  stm32h7xx_hal_uart.o(.text.UART_WaitOnFlagUntilTimeout)
    [Anonymous Symbol]                       0x080070b8   Section        0  stm32h7xx_it.o(.text.USART2_IRQHandler)
    [Anonymous Symbol]                       0x080070c8   Section        0  stm32h7xx_it.o(.text.USART3_IRQHandler)
    [Anonymous Symbol]                       0x080070d8   Section        0  stm32h7xx_it.o(.text.UsageFault_Handler)
    [Anonymous Symbol]                       0x080070e0   Section        0  usart.o(.text.Usart7Receive_RTOE)
    [Anonymous Symbol]                       0x08007170   Section        0  delay.o(.text.delay_ms)
    [Anonymous Symbol]                       0x080071c8   Section        0  main.o(.text.gyro_rec)
    [Anonymous Symbol]                       0x080072c8   Section        0  main.o(.text.led_run)
    [Anonymous Symbol]                       0x08007310   Section        0  main.o(.text.main)
    [Anonymous Symbol]                       0x080073d0   Section        0  main.o(.text.timer_run)
    [Anonymous Symbol]                       0x080073d8   Section        0  main.o(.text.uart2_send)
    $v0                                      0x08007534   Number         0  fpinit.o(x$fpl$fpinit)
    x$fpl$fpinit                             0x08007534   Section       26  fpinit.o(x$fpl$fpinit)
    .Lswitch.table.UART_SetConfig.5          0x0800754e   Data           6  stm32h7xx_hal_uart.o(.rodata..Lswitch.table.UART_SetConfig.5)
    .Lswitch.table.UART_SetConfig.7          0x08007554   Data           6  stm32h7xx_hal_uart.o(.rodata..Lswitch.table.UART_SetConfig.7)
    UARTEx_SetNbDataToProcess.numerator      0x08007582   Data           8  stm32h7xx_hal_uart_ex.o(.rodata.cst8)
    [Anonymous Symbol]                       0x08007582   Section        0  stm32h7xx_hal_uart_ex.o(.rodata.cst8)
    UARTEx_SetNbDataToProcess.denominator    0x0800758a   Data           8  stm32h7xx_hal_uart_ex.o(.rodata.cst8)
    .bss                                     0x24000040   Section       96  libspace.o(.bss)
    fac_us                                   0x2400011c   Data           4  delay.o(.bss.fac_us)
    [Anonymous Symbol]                       0x2400011c   Section        0  delay.o(.bss.fac_us)
    led_run.cnt                              0x2400066c   Data           4  main.o(.bss.led_run.cnt)
    [Anonymous Symbol]                       0x2400066c   Section        0  main.o(.bss.led_run.cnt)
    led_run.cnt1                             0x24000670   Data           4  main.o(.bss.led_run.cnt1)
    [Anonymous Symbol]                       0x24000670   Section        0  main.o(.bss.led_run.cnt1)
    uart2_send.cnt                           0x240006c8   Data           1  main.o(.bss.uart2_send.cnt)
    [Anonymous Symbol]                       0x240006c8   Section        0  main.o(.bss.uart2_send.cnt)
    Heap_Mem                                 0x240006d0   Data         512  startup_stm32h743xx.o(HEAP)
    HEAP                                     0x240006d0   Section      512  startup_stm32h743xx.o(HEAP)
    Stack_Mem                                0x240008d0   Data        1024  startup_stm32h743xx.o(STACK)
    STACK                                    0x240008d0   Section     1024  startup_stm32h743xx.o(STACK)
    __initial_sp                             0x24000cd0   Data           0  startup_stm32h743xx.o(STACK)

    Global Symbols

    Symbol Name                              Value     Ov Type        Size  Object(Section)

    BuildAttributes$$THM_ISAv4$E$P$D$K$B$S$7EM$VFPv5_D16$PE$PLD8$A:L22UL41UL21$X:L11$S22US41US21$IEEE1$IW$~IW$USESV6$~STKCKD$USESV7$~SHL$OTIME$ROPI$IEEEJ$EBA8$UX$STANDARDLIB$REQ8$PRES8$EABIv2 0x00000000   Number         0  anon$$obj.o ABSOLUTE
    __ARM_exceptions_init                     - Undefined Weak Reference
    __alloca_initialize                       - Undefined Weak Reference
    __arm_preinit_                            - Undefined Weak Reference
    __arm_relocate_pie_                       - Undefined Weak Reference
    __cpp_initialize__aeabi_                  - Undefined Weak Reference
    __cxa_finalize                            - Undefined Weak Reference
    __rt_locale                               - Undefined Weak Reference
    __sigvec_lookup                           - Undefined Weak Reference
    _atexit_init                              - Undefined Weak Reference
    _call_atexit_fns                          - Undefined Weak Reference
    _clock_init                               - Undefined Weak Reference
    _fp_trap_init                             - Undefined Weak Reference
    _fp_trap_shutdown                         - Undefined Weak Reference
    _get_lc_collate                           - Undefined Weak Reference
    _get_lc_ctype                             - Undefined Weak Reference
    _get_lc_monetary                          - Undefined Weak Reference
    _get_lc_numeric                           - Undefined Weak Reference
    _get_lc_time                              - Undefined Weak Reference
    _getenv_init                              - Undefined Weak Reference
    _handle_redirection                       - Undefined Weak Reference
    _init_alloc                               - Undefined Weak Reference
    _init_user_alloc                          - Undefined Weak Reference
    _initio                                   - Undefined Weak Reference
    _rand_init                                - Undefined Weak Reference
    _signal_finish                            - Undefined Weak Reference
    _signal_init                              - Undefined Weak Reference
    _terminate_alloc                          - Undefined Weak Reference
    _terminate_user_alloc                     - Undefined Weak Reference
    _terminateio                              - Undefined Weak Reference
    __Vectors_Size                           0x00000298   Number         0  startup_stm32h743xx.o ABSOLUTE
    __Vectors                                0x08000000   Data           4  startup_stm32h743xx.o(RESET)
    __Vectors_End                            0x08000298   Data           0  startup_stm32h743xx.o(RESET)
    __main                                   0x08000299   Thumb Code     8  __main.o(!!!main)
    __scatterload                            0x080002a1   Thumb Code     0  __scatter.o(!!!scatter)
    __scatterload_rt2                        0x080002a1   Thumb Code    84  __scatter.o(!!!scatter)
    __scatterload_rt2_thumb_only             0x080002a1   Thumb Code     0  __scatter.o(!!!scatter)
    __scatterload_loop                       0x080002ab   Thumb Code     0  __scatter.o(!!!scatter)
    __scatterload_copy                       0x080002fd   Thumb Code    26  __scatter_copy.o(!!handler_copy)
    __scatterload_null                       0x08000319   Thumb Code     2  __scatter.o(!!handler_null)
    __scatterload_zeroinit                   0x0800031d   Thumb Code    28  __scatter_zi.o(!!handler_zi)
    __rt_lib_init                            0x08000339   Thumb Code     0  libinit.o(.ARM.Collect$$libinit$$00000000)
    __rt_lib_init_fp_1                       0x0800033b   Thumb Code     0  libinit2.o(.ARM.Collect$$libinit$$00000001)
    __rt_lib_init_alloca_1                   0x0800033f   Thumb Code     0  libinit2.o(.ARM.Collect$$libinit$$00000030)
    __rt_lib_init_argv_1                     0x0800033f   Thumb Code     0  libinit2.o(.ARM.Collect$$libinit$$0000002E)
    __rt_lib_init_atexit_1                   0x0800033f   Thumb Code     0  libinit2.o(.ARM.Collect$$libinit$$0000001D)
    __rt_lib_init_clock_1                    0x0800033f   Thumb Code     0  libinit2.o(.ARM.Collect$$libinit$$00000023)
    __rt_lib_init_cpp_1                      0x0800033f   Thumb Code     0  libinit2.o(.ARM.Collect$$libinit$$00000034)
    __rt_lib_init_exceptions_1               0x0800033f   Thumb Code     0  libinit2.o(.ARM.Collect$$libinit$$00000032)
    __rt_lib_init_fp_trap_1                  0x0800033f   Thumb Code     0  libinit2.o(.ARM.Collect$$libinit$$00000021)
    __rt_lib_init_getenv_1                   0x0800033f   Thumb Code     0  libinit2.o(.ARM.Collect$$libinit$$00000025)
    __rt_lib_init_heap_1                     0x0800033f   Thumb Code     0  libinit2.o(.ARM.Collect$$libinit$$0000000C)
    __rt_lib_init_lc_collate_1               0x0800033f   Thumb Code     0  libinit2.o(.ARM.Collect$$libinit$$00000013)
    __rt_lib_init_lc_ctype_1                 0x0800033f   Thumb Code     0  libinit2.o(.ARM.Collect$$libinit$$00000015)
    __rt_lib_init_lc_monetary_1              0x0800033f   Thumb Code     0  libinit2.o(.ARM.Collect$$libinit$$00000017)
    __rt_lib_init_lc_numeric_1               0x0800033f   Thumb Code     0  libinit2.o(.ARM.Collect$$libinit$$00000019)
    __rt_lib_init_lc_time_1                  0x0800033f   Thumb Code     0  libinit2.o(.ARM.Collect$$libinit$$0000001B)
    __rt_lib_init_preinit_1                  0x0800033f   Thumb Code     0  libinit2.o(.ARM.Collect$$libinit$$00000006)
    __rt_lib_init_rand_1                     0x0800033f   Thumb Code     0  libinit2.o(.ARM.Collect$$libinit$$00000010)
    __rt_lib_init_relocate_pie_1             0x0800033f   Thumb Code     0  libinit2.o(.ARM.Collect$$libinit$$00000004)
    __rt_lib_init_return                     0x0800033f   Thumb Code     0  libinit2.o(.ARM.Collect$$libinit$$00000035)
    __rt_lib_init_signal_1                   0x0800033f   Thumb Code     0  libinit2.o(.ARM.Collect$$libinit$$0000001F)
    __rt_lib_init_stdio_1                    0x0800033f   Thumb Code     0  libinit2.o(.ARM.Collect$$libinit$$00000027)
    __rt_lib_init_user_alloc_1               0x0800033f   Thumb Code     0  libinit2.o(.ARM.Collect$$libinit$$0000000E)
    __rt_lib_shutdown                        0x08000341   Thumb Code     0  libshutdown.o(.ARM.Collect$$libshutdown$$00000000)
    __rt_lib_shutdown_cpp_1                  0x08000343   Thumb Code     0  libshutdown2.o(.ARM.Collect$$libshutdown$$00000002)
    __rt_lib_shutdown_fp_trap_1              0x08000343   Thumb Code     0  libshutdown2.o(.ARM.Collect$$libshutdown$$00000007)
    __rt_lib_shutdown_heap_1                 0x08000343   Thumb Code     0  libshutdown2.o(.ARM.Collect$$libshutdown$$0000000F)
    __rt_lib_shutdown_return                 0x08000343   Thumb Code     0  libshutdown2.o(.ARM.Collect$$libshutdown$$00000010)
    __rt_lib_shutdown_signal_1               0x08000343   Thumb Code     0  libshutdown2.o(.ARM.Collect$$libshutdown$$0000000A)
    __rt_lib_shutdown_stdio_1                0x08000343   Thumb Code     0  libshutdown2.o(.ARM.Collect$$libshutdown$$00000004)
    __rt_lib_shutdown_user_alloc_1           0x08000343   Thumb Code     0  libshutdown2.o(.ARM.Collect$$libshutdown$$0000000C)
    __rt_entry                               0x08000345   Thumb Code     0  __rtentry.o(.ARM.Collect$$rtentry$$00000000)
    __rt_entry_presh_1                       0x08000345   Thumb Code     0  __rtentry2.o(.ARM.Collect$$rtentry$$00000002)
    __rt_entry_sh                            0x08000345   Thumb Code     0  __rtentry4.o(.ARM.Collect$$rtentry$$00000004)
    __rt_entry_li                            0x0800034b   Thumb Code     0  __rtentry2.o(.ARM.Collect$$rtentry$$0000000A)
    __rt_entry_postsh_1                      0x0800034b   Thumb Code     0  __rtentry2.o(.ARM.Collect$$rtentry$$00000009)
    __rt_entry_main                          0x0800034f   Thumb Code     0  __rtentry2.o(.ARM.Collect$$rtentry$$0000000D)
    __rt_entry_postli_1                      0x0800034f   Thumb Code     0  __rtentry2.o(.ARM.Collect$$rtentry$$0000000C)
    __rt_exit                                0x08000357   Thumb Code     0  rtexit.o(.ARM.Collect$$rtexit$$00000000)
    __rt_exit_ls                             0x08000359   Thumb Code     0  rtexit2.o(.ARM.Collect$$rtexit$$00000003)
    __rt_exit_prels_1                        0x08000359   Thumb Code     0  rtexit2.o(.ARM.Collect$$rtexit$$00000002)
    __rt_exit_exit                           0x0800035d   Thumb Code     0  rtexit2.o(.ARM.Collect$$rtexit$$00000004)
    Reset_Handler                            0x08000365   Thumb Code     8  startup_stm32h743xx.o(.text)
    ADC3_IRQHandler                          0x0800037f   Thumb Code     0  startup_stm32h743xx.o(.text)
    ADC_IRQHandler                           0x0800037f   Thumb Code     0  startup_stm32h743xx.o(.text)
    BDMA_Channel0_IRQHandler                 0x0800037f   Thumb Code     0  startup_stm32h743xx.o(.text)
    BDMA_Channel1_IRQHandler                 0x0800037f   Thumb Code     0  startup_stm32h743xx.o(.text)
    BDMA_Channel2_IRQHandler                 0x0800037f   Thumb Code     0  startup_stm32h743xx.o(.text)
    BDMA_Channel3_IRQHandler                 0x0800037f   Thumb Code     0  startup_stm32h743xx.o(.text)
    BDMA_Channel4_IRQHandler                 0x0800037f   Thumb Code     0  startup_stm32h743xx.o(.text)
    BDMA_Channel5_IRQHandler                 0x0800037f   Thumb Code     0  startup_stm32h743xx.o(.text)
    BDMA_Channel6_IRQHandler                 0x0800037f   Thumb Code     0  startup_stm32h743xx.o(.text)
    BDMA_Channel7_IRQHandler                 0x0800037f   Thumb Code     0  startup_stm32h743xx.o(.text)
    CEC_IRQHandler                           0x0800037f   Thumb Code     0  startup_stm32h743xx.o(.text)
    COMP1_IRQHandler                         0x0800037f   Thumb Code     0  startup_stm32h743xx.o(.text)
    CRS_IRQHandler                           0x0800037f   Thumb Code     0  startup_stm32h743xx.o(.text)
    DCMI_IRQHandler                          0x0800037f   Thumb Code     0  startup_stm32h743xx.o(.text)
    DFSDM1_FLT0_IRQHandler                   0x0800037f   Thumb Code     0  startup_stm32h743xx.o(.text)
    DFSDM1_FLT1_IRQHandler                   0x0800037f   Thumb Code     0  startup_stm32h743xx.o(.text)
    DFSDM1_FLT2_IRQHandler                   0x0800037f   Thumb Code     0  startup_stm32h743xx.o(.text)
    DFSDM1_FLT3_IRQHandler                   0x0800037f   Thumb Code     0  startup_stm32h743xx.o(.text)
    DMA1_Stream4_IRQHandler                  0x0800037f   Thumb Code     0  startup_stm32h743xx.o(.text)
    DMA1_Stream5_IRQHandler                  0x0800037f   Thumb Code     0  startup_stm32h743xx.o(.text)
    DMA1_Stream6_IRQHandler                  0x0800037f   Thumb Code     0  startup_stm32h743xx.o(.text)
    DMA1_Stream7_IRQHandler                  0x0800037f   Thumb Code     0  startup_stm32h743xx.o(.text)
    DMA2D_IRQHandler                         0x0800037f   Thumb Code     0  startup_stm32h743xx.o(.text)
    DMA2_Stream0_IRQHandler                  0x0800037f   Thumb Code     0  startup_stm32h743xx.o(.text)
    DMA2_Stream1_IRQHandler                  0x0800037f   Thumb Code     0  startup_stm32h743xx.o(.text)
    DMA2_Stream2_IRQHandler                  0x0800037f   Thumb Code     0  startup_stm32h743xx.o(.text)
    DMA2_Stream3_IRQHandler                  0x0800037f   Thumb Code     0  startup_stm32h743xx.o(.text)
    DMA2_Stream4_IRQHandler                  0x0800037f   Thumb Code     0  startup_stm32h743xx.o(.text)
    DMA2_Stream5_IRQHandler                  0x0800037f   Thumb Code     0  startup_stm32h743xx.o(.text)
    DMA2_Stream6_IRQHandler                  0x0800037f   Thumb Code     0  startup_stm32h743xx.o(.text)
    DMA2_Stream7_IRQHandler                  0x0800037f   Thumb Code     0  startup_stm32h743xx.o(.text)
    DMAMUX1_OVR_IRQHandler                   0x0800037f   Thumb Code     0  startup_stm32h743xx.o(.text)
    DMAMUX2_OVR_IRQHandler                   0x0800037f   Thumb Code     0  startup_stm32h743xx.o(.text)
    ECC_IRQHandler                           0x0800037f   Thumb Code     0  startup_stm32h743xx.o(.text)
    ETH_IRQHandler                           0x0800037f   Thumb Code     0  startup_stm32h743xx.o(.text)
    ETH_WKUP_IRQHandler                      0x0800037f   Thumb Code     0  startup_stm32h743xx.o(.text)
    EXTI0_IRQHandler                         0x0800037f   Thumb Code     0  startup_stm32h743xx.o(.text)
    EXTI15_10_IRQHandler                     0x0800037f   Thumb Code     0  startup_stm32h743xx.o(.text)
    EXTI1_IRQHandler                         0x0800037f   Thumb Code     0  startup_stm32h743xx.o(.text)
    EXTI2_IRQHandler                         0x0800037f   Thumb Code     0  startup_stm32h743xx.o(.text)
    EXTI3_IRQHandler                         0x0800037f   Thumb Code     0  startup_stm32h743xx.o(.text)
    EXTI4_IRQHandler                         0x0800037f   Thumb Code     0  startup_stm32h743xx.o(.text)
    EXTI9_5_IRQHandler                       0x0800037f   Thumb Code     0  startup_stm32h743xx.o(.text)
    FDCAN1_IT0_IRQHandler                    0x0800037f   Thumb Code     0  startup_stm32h743xx.o(.text)
    FDCAN1_IT1_IRQHandler                    0x0800037f   Thumb Code     0  startup_stm32h743xx.o(.text)
    FDCAN2_IT0_IRQHandler                    0x0800037f   Thumb Code     0  startup_stm32h743xx.o(.text)
    FDCAN2_IT1_IRQHandler                    0x0800037f   Thumb Code     0  startup_stm32h743xx.o(.text)
    FDCAN_CAL_IRQHandler                     0x0800037f   Thumb Code     0  startup_stm32h743xx.o(.text)
    FLASH_IRQHandler                         0x0800037f   Thumb Code     0  startup_stm32h743xx.o(.text)
    FMC_IRQHandler                           0x0800037f   Thumb Code     0  startup_stm32h743xx.o(.text)
    FPU_IRQHandler                           0x0800037f   Thumb Code     0  startup_stm32h743xx.o(.text)
    HRTIM1_FLT_IRQHandler                    0x0800037f   Thumb Code     0  startup_stm32h743xx.o(.text)
    HRTIM1_Master_IRQHandler                 0x0800037f   Thumb Code     0  startup_stm32h743xx.o(.text)
    HRTIM1_TIMA_IRQHandler                   0x0800037f   Thumb Code     0  startup_stm32h743xx.o(.text)
    HRTIM1_TIMB_IRQHandler                   0x0800037f   Thumb Code     0  startup_stm32h743xx.o(.text)
    HRTIM1_TIMC_IRQHandler                   0x0800037f   Thumb Code     0  startup_stm32h743xx.o(.text)
    HRTIM1_TIMD_IRQHandler                   0x0800037f   Thumb Code     0  startup_stm32h743xx.o(.text)
    HRTIM1_TIME_IRQHandler                   0x0800037f   Thumb Code     0  startup_stm32h743xx.o(.text)
    HSEM1_IRQHandler                         0x0800037f   Thumb Code     0  startup_stm32h743xx.o(.text)
    I2C1_ER_IRQHandler                       0x0800037f   Thumb Code     0  startup_stm32h743xx.o(.text)
    I2C1_EV_IRQHandler                       0x0800037f   Thumb Code     0  startup_stm32h743xx.o(.text)
    I2C2_ER_IRQHandler                       0x0800037f   Thumb Code     0  startup_stm32h743xx.o(.text)
    I2C2_EV_IRQHandler                       0x0800037f   Thumb Code     0  startup_stm32h743xx.o(.text)
    I2C3_ER_IRQHandler                       0x0800037f   Thumb Code     0  startup_stm32h743xx.o(.text)
    I2C3_EV_IRQHandler                       0x0800037f   Thumb Code     0  startup_stm32h743xx.o(.text)
    I2C4_ER_IRQHandler                       0x0800037f   Thumb Code     0  startup_stm32h743xx.o(.text)
    I2C4_EV_IRQHandler                       0x0800037f   Thumb Code     0  startup_stm32h743xx.o(.text)
    JPEG_IRQHandler                          0x0800037f   Thumb Code     0  startup_stm32h743xx.o(.text)
    LPTIM1_IRQHandler                        0x0800037f   Thumb Code     0  startup_stm32h743xx.o(.text)
    LPTIM2_IRQHandler                        0x0800037f   Thumb Code     0  startup_stm32h743xx.o(.text)
    LPTIM3_IRQHandler                        0x0800037f   Thumb Code     0  startup_stm32h743xx.o(.text)
    LPTIM4_IRQHandler                        0x0800037f   Thumb Code     0  startup_stm32h743xx.o(.text)
    LPTIM5_IRQHandler                        0x0800037f   Thumb Code     0  startup_stm32h743xx.o(.text)
    LPUART1_IRQHandler                       0x0800037f   Thumb Code     0  startup_stm32h743xx.o(.text)
    LTDC_ER_IRQHandler                       0x0800037f   Thumb Code     0  startup_stm32h743xx.o(.text)
    LTDC_IRQHandler                          0x0800037f   Thumb Code     0  startup_stm32h743xx.o(.text)
    MDIOS_IRQHandler                         0x0800037f   Thumb Code     0  startup_stm32h743xx.o(.text)
    MDIOS_WKUP_IRQHandler                    0x0800037f   Thumb Code     0  startup_stm32h743xx.o(.text)
    MDMA_IRQHandler                          0x0800037f   Thumb Code     0  startup_stm32h743xx.o(.text)
    OTG_FS_EP1_IN_IRQHandler                 0x0800037f   Thumb Code     0  startup_stm32h743xx.o(.text)
    OTG_FS_EP1_OUT_IRQHandler                0x0800037f   Thumb Code     0  startup_stm32h743xx.o(.text)
    OTG_FS_IRQHandler                        0x0800037f   Thumb Code     0  startup_stm32h743xx.o(.text)
    OTG_FS_WKUP_IRQHandler                   0x0800037f   Thumb Code     0  startup_stm32h743xx.o(.text)
    OTG_HS_EP1_IN_IRQHandler                 0x0800037f   Thumb Code     0  startup_stm32h743xx.o(.text)
    OTG_HS_EP1_OUT_IRQHandler                0x0800037f   Thumb Code     0  startup_stm32h743xx.o(.text)
    OTG_HS_IRQHandler                        0x0800037f   Thumb Code     0  startup_stm32h743xx.o(.text)
    OTG_HS_WKUP_IRQHandler                   0x0800037f   Thumb Code     0  startup_stm32h743xx.o(.text)
    PVD_AVD_IRQHandler                       0x0800037f   Thumb Code     0  startup_stm32h743xx.o(.text)
    QUADSPI_IRQHandler                       0x0800037f   Thumb Code     0  startup_stm32h743xx.o(.text)
    RCC_IRQHandler                           0x0800037f   Thumb Code     0  startup_stm32h743xx.o(.text)
    RNG_IRQHandler                           0x0800037f   Thumb Code     0  startup_stm32h743xx.o(.text)
    RTC_Alarm_IRQHandler                     0x0800037f   Thumb Code     0  startup_stm32h743xx.o(.text)
    RTC_WKUP_IRQHandler                      0x0800037f   Thumb Code     0  startup_stm32h743xx.o(.text)
    SAI1_IRQHandler                          0x0800037f   Thumb Code     0  startup_stm32h743xx.o(.text)
    SAI2_IRQHandler                          0x0800037f   Thumb Code     0  startup_stm32h743xx.o(.text)
    SAI3_IRQHandler                          0x0800037f   Thumb Code     0  startup_stm32h743xx.o(.text)
    SAI4_IRQHandler                          0x0800037f   Thumb Code     0  startup_stm32h743xx.o(.text)
    SDMMC1_IRQHandler                        0x0800037f   Thumb Code     0  startup_stm32h743xx.o(.text)
    SDMMC2_IRQHandler                        0x0800037f   Thumb Code     0  startup_stm32h743xx.o(.text)
    SPDIF_RX_IRQHandler                      0x0800037f   Thumb Code     0  startup_stm32h743xx.o(.text)
    SPI2_IRQHandler                          0x0800037f   Thumb Code     0  startup_stm32h743xx.o(.text)
    SPI3_IRQHandler                          0x0800037f   Thumb Code     0  startup_stm32h743xx.o(.text)
    SPI4_IRQHandler                          0x0800037f   Thumb Code     0  startup_stm32h743xx.o(.text)
    SPI5_IRQHandler                          0x0800037f   Thumb Code     0  startup_stm32h743xx.o(.text)
    SPI6_IRQHandler                          0x0800037f   Thumb Code     0  startup_stm32h743xx.o(.text)
    SWPMI1_IRQHandler                        0x0800037f   Thumb Code     0  startup_stm32h743xx.o(.text)
    TAMP_STAMP_IRQHandler                    0x0800037f   Thumb Code     0  startup_stm32h743xx.o(.text)
    TIM15_IRQHandler                         0x0800037f   Thumb Code     0  startup_stm32h743xx.o(.text)
    TIM16_IRQHandler                         0x0800037f   Thumb Code     0  startup_stm32h743xx.o(.text)
    TIM17_IRQHandler                         0x0800037f   Thumb Code     0  startup_stm32h743xx.o(.text)
    TIM1_BRK_IRQHandler                      0x0800037f   Thumb Code     0  startup_stm32h743xx.o(.text)
    TIM1_CC_IRQHandler                       0x0800037f   Thumb Code     0  startup_stm32h743xx.o(.text)
    TIM1_TRG_COM_IRQHandler                  0x0800037f   Thumb Code     0  startup_stm32h743xx.o(.text)
    TIM1_UP_IRQHandler                       0x0800037f   Thumb Code     0  startup_stm32h743xx.o(.text)
    TIM4_IRQHandler                          0x0800037f   Thumb Code     0  startup_stm32h743xx.o(.text)
    TIM5_IRQHandler                          0x0800037f   Thumb Code     0  startup_stm32h743xx.o(.text)
    TIM6_DAC_IRQHandler                      0x0800037f   Thumb Code     0  startup_stm32h743xx.o(.text)
    TIM7_IRQHandler                          0x0800037f   Thumb Code     0  startup_stm32h743xx.o(.text)
    TIM8_BRK_TIM12_IRQHandler                0x0800037f   Thumb Code     0  startup_stm32h743xx.o(.text)
    TIM8_CC_IRQHandler                       0x0800037f   Thumb Code     0  startup_stm32h743xx.o(.text)
    TIM8_TRG_COM_TIM14_IRQHandler            0x0800037f   Thumb Code     0  startup_stm32h743xx.o(.text)
    TIM8_UP_TIM13_IRQHandler                 0x0800037f   Thumb Code     0  startup_stm32h743xx.o(.text)
    UART5_IRQHandler                         0x0800037f   Thumb Code     0  startup_stm32h743xx.o(.text)
    UART8_IRQHandler                         0x0800037f   Thumb Code     0  startup_stm32h743xx.o(.text)
    USART1_IRQHandler                        0x0800037f   Thumb Code     0  startup_stm32h743xx.o(.text)
    USART6_IRQHandler                        0x0800037f   Thumb Code     0  startup_stm32h743xx.o(.text)
    WAKEUP_PIN_IRQHandler                    0x0800037f   Thumb Code     0  startup_stm32h743xx.o(.text)
    WWDG_IRQHandler                          0x0800037f   Thumb Code     0  startup_stm32h743xx.o(.text)
    __user_initial_stackheap                 0x08000381   Thumb Code     0  startup_stm32h743xx.o(.text)
    __aeabi_uldivmod                         0x080003a5   Thumb Code     0  lludivv7m.o(.text)
    _ll_udiv                                 0x080003a5   Thumb Code   240  lludivv7m.o(.text)
    __aeabi_memclr4                          0x08000495   Thumb Code     0  rt_memclr_w.o(.text)
    __aeabi_memclr8                          0x08000495   Thumb Code     0  rt_memclr_w.o(.text)
    __rt_memclr_w                            0x08000495   Thumb Code     0  rt_memclr_w.o(.text)
    _memset_w                                0x08000499   Thumb Code    74  rt_memclr_w.o(.text)
    __use_two_region_memory                  0x080004e3   Thumb Code     2  heapauxi.o(.text)
    __rt_heap_escrow$2region                 0x080004e5   Thumb Code     2  heapauxi.o(.text)
    __rt_heap_expand$2region                 0x080004e7   Thumb Code     2  heapauxi.o(.text)
    __user_libspace                          0x080004e9   Thumb Code     8  libspace.o(.text)
    __user_perproc_libspace                  0x080004e9   Thumb Code     0  libspace.o(.text)
    __user_perthread_libspace                0x080004e9   Thumb Code     0  libspace.o(.text)
    __user_setup_stackheap                   0x080004f1   Thumb Code    74  sys_stackheap_outer.o(.text)
    exit                                     0x0800053b   Thumb Code    18  exit.o(.text)
    _sys_exit                                0x0800054d   Thumb Code     8  sys_exit.o(.text)
    __I$use$semihosting                      0x08000559   Thumb Code     0  use_no_semi.o(.text)
    __use_no_semihosting_swi                 0x08000559   Thumb Code     2  use_no_semi.o(.text)
    __semihosting_library_function           0x0800055b   Thumb Code     0  indicate_semi.o(.text)
    ADXL355_Data_Scan                        0x08000561   Thumb Code   106  bsp_adxl355.o(.text.ADXL355_Data_Scan)
    ADXL355_Init                             0x080005d1   Thumb Code   230  bsp_adxl355.o(.text.ADXL355_Init)
    ADXL355_Start_Sensor                     0x080006b9   Thumb Code   124  bsp_adxl355.o(.text.ADXL355_Start_Sensor)
    BusFault_Handler                         0x08000739   Thumb Code     2  stm32h7xx_it.o(.text.BusFault_Handler)
    DMA1_Stream0_IRQHandler                  0x08000741   Thumb Code    12  stm32h7xx_it.o(.text.DMA1_Stream0_IRQHandler)
    DMA1_Stream1_IRQHandler                  0x08000751   Thumb Code    12  stm32h7xx_it.o(.text.DMA1_Stream1_IRQHandler)
    DMA1_Stream2_IRQHandler                  0x08000761   Thumb Code    12  stm32h7xx_it.o(.text.DMA1_Stream2_IRQHandler)
    DMA1_Stream3_IRQHandler                  0x08000771   Thumb Code    12  stm32h7xx_it.o(.text.DMA1_Stream3_IRQHandler)
    DebugMon_Handler                         0x08000b91   Thumb Code     2  stm32h7xx_it.o(.text.DebugMon_Handler)
    Error_Handler                            0x08000b99   Thumb Code    10  main.o(.text.Error_Handler)
    HAL_DMA_Abort                            0x08000ba9   Thumb Code  1248  stm32h7xx_hal_dma.o(.text.HAL_DMA_Abort)
    HAL_DMA_Abort_IT                         0x08001089   Thumb Code   664  stm32h7xx_hal_dma.o(.text.HAL_DMA_Abort_IT)
    HAL_DMA_GetError                         0x08001321   Thumb Code     4  stm32h7xx_hal_dma.o(.text.HAL_DMA_GetError)
    HAL_DMA_IRQHandler                       0x08001329   Thumb Code  2684  stm32h7xx_hal_dma.o(.text.HAL_DMA_IRQHandler)
    HAL_DMA_Init                             0x08001da9   Thumb Code  1566  stm32h7xx_hal_dma.o(.text.HAL_DMA_Init)
    HAL_DMA_Start_IT                         0x080023c9   Thumb Code   902  stm32h7xx_hal_dma.o(.text.HAL_DMA_Start_IT)
    HAL_GPIO_Init                            0x08002751   Thumb Code   418  stm32h7xx_hal_gpio.o(.text.HAL_GPIO_Init)
    HAL_GPIO_TogglePin                       0x080028f9   Thumb Code    16  stm32h7xx_hal_gpio.o(.text.HAL_GPIO_TogglePin)
    HAL_GPIO_WritePin                        0x08002909   Thumb Code    10  stm32h7xx_hal_gpio.o(.text.HAL_GPIO_WritePin)
    HAL_GetREVID                             0x08002919   Thumb Code    14  stm32h7xx_hal.o(.text.HAL_GetREVID)
    HAL_GetTick                              0x08002929   Thumb Code    12  stm32h7xx_hal.o(.text.HAL_GetTick)
    HAL_IncTick                              0x08002939   Thumb Code    26  stm32h7xx_hal.o(.text.HAL_IncTick)
    HAL_Init                                 0x08002959   Thumb Code   100  stm32h7xx_hal.o(.text.HAL_Init)
    HAL_InitTick                             0x080029c1   Thumb Code    88  stm32h7xx_hal.o(.text.HAL_InitTick)
    HAL_MPU_ConfigRegion                     0x08002a19   Thumb Code    94  stm32h7xx_hal_cortex.o(.text.HAL_MPU_ConfigRegion)
    HAL_MPU_Disable                          0x08002a79   Thumb Code    26  stm32h7xx_hal_cortex.o(.text.HAL_MPU_Disable)
    HAL_MPU_Enable                           0x08002a99   Thumb Code    32  stm32h7xx_hal_cortex.o(.text.HAL_MPU_Enable)
    HAL_MspInit                              0x08002ab9   Thumb Code    32  stm32h7xx_hal_msp.o(.text.HAL_MspInit)
    HAL_NVIC_EnableIRQ                       0x08002ad9   Thumb Code    34  stm32h7xx_hal_cortex.o(.text.HAL_NVIC_EnableIRQ)
    HAL_NVIC_SetPriority                     0x08002b01   Thumb Code    90  stm32h7xx_hal_cortex.o(.text.HAL_NVIC_SetPriority)
    HAL_NVIC_SetPriorityGrouping             0x08002b61   Thumb Code    32  stm32h7xx_hal_cortex.o(.text.HAL_NVIC_SetPriorityGrouping)
    HAL_PWREx_ConfigSupply                   0x08002b81   Thumb Code    72  stm32h7xx_hal_pwr_ex.o(.text.HAL_PWREx_ConfigSupply)
    HAL_RCCEx_GetD3PCLK1Freq                 0x08002bc9   Thumb Code    38  stm32h7xx_hal_rcc_ex.o(.text.HAL_RCCEx_GetD3PCLK1Freq)
    HAL_RCCEx_GetPLL2ClockFreq               0x08002bf1   Thumb Code   280  stm32h7xx_hal_rcc_ex.o(.text.HAL_RCCEx_GetPLL2ClockFreq)
    HAL_RCCEx_GetPLL3ClockFreq               0x08002d19   Thumb Code   280  stm32h7xx_hal_rcc_ex.o(.text.HAL_RCCEx_GetPLL3ClockFreq)
    HAL_RCCEx_PeriphCLKConfig                0x08002e41   Thumb Code  2430  stm32h7xx_hal_rcc_ex.o(.text.HAL_RCCEx_PeriphCLKConfig)
    HAL_RCC_ClockConfig                      0x080037c1   Thumb Code   586  stm32h7xx_hal_rcc.o(.text.HAL_RCC_ClockConfig)
    HAL_RCC_GetHCLKFreq                      0x08003a11   Thumb Code    76  stm32h7xx_hal_rcc.o(.text.HAL_RCC_GetHCLKFreq)
    HAL_RCC_GetPCLK1Freq                     0x08003a61   Thumb Code    96  stm32h7xx_hal_rcc.o(.text.HAL_RCC_GetPCLK1Freq)
    HAL_RCC_GetPCLK2Freq                     0x08003ac1   Thumb Code    96  stm32h7xx_hal_rcc.o(.text.HAL_RCC_GetPCLK2Freq)
    HAL_RCC_GetSysClockFreq                  0x08003b21   Thumb Code   248  stm32h7xx_hal_rcc.o(.text.HAL_RCC_GetSysClockFreq)
    HAL_RCC_OscConfig                        0x08003c29   Thumb Code  1502  stm32h7xx_hal_rcc.o(.text.HAL_RCC_OscConfig)
    HAL_SPI_ErrorCallback                    0x08004209   Thumb Code     2  stm32h7xx_hal_spi.o(.text.HAL_SPI_ErrorCallback)
    HAL_SPI_IRQHandler                       0x08004211   Thumb Code   566  stm32h7xx_hal_spi.o(.text.HAL_SPI_IRQHandler)
    HAL_SPI_Init                             0x08004449   Thumb Code   380  stm32h7xx_hal_spi.o(.text.HAL_SPI_Init)
    HAL_SPI_MspInit                          0x080045c9   Thumb Code   158  spi.o(.text.HAL_SPI_MspInit)
    HAL_SPI_RxCpltCallback                   0x08004669   Thumb Code     2  stm32h7xx_hal_spi.o(.text.HAL_SPI_RxCpltCallback)
    HAL_SPI_TransmitReceive                  0x08004671   Thumb Code   636  stm32h7xx_hal_spi.o(.text.HAL_SPI_TransmitReceive)
    HAL_SPI_TxCpltCallback                   0x080048f1   Thumb Code     2  stm32h7xx_hal_spi.o(.text.HAL_SPI_TxCpltCallback)
    HAL_SPI_TxRxCpltCallback                 0x080048f9   Thumb Code     2  stm32h7xx_hal_spi.o(.text.HAL_SPI_TxRxCpltCallback)
    HAL_SYSTICK_Config                       0x08004901   Thumb Code    44  stm32h7xx_hal_cortex.o(.text.HAL_SYSTICK_Config)
    HAL_TIMEx_Break2Callback                 0x08004931   Thumb Code     2  stm32h7xx_hal_tim_ex.o(.text.HAL_TIMEx_Break2Callback)
    HAL_TIMEx_BreakCallback                  0x08004939   Thumb Code     2  stm32h7xx_hal_tim_ex.o(.text.HAL_TIMEx_BreakCallback)
    HAL_TIMEx_CommutCallback                 0x08004941   Thumb Code     2  stm32h7xx_hal_tim_ex.o(.text.HAL_TIMEx_CommutCallback)
    HAL_TIMEx_MasterConfigSynchronization    0x08004949   Thumb Code   208  stm32h7xx_hal_tim_ex.o(.text.HAL_TIMEx_MasterConfigSynchronization)
    HAL_TIM_Base_Init                        0x08004a19   Thumb Code    96  stm32h7xx_hal_tim.o(.text.HAL_TIM_Base_Init)
    HAL_TIM_Base_MspInit                     0x08004a79   Thumb Code   108  tim.o(.text.HAL_TIM_Base_MspInit)
    HAL_TIM_Base_Start_IT                    0x08004ae9   Thumb Code   178  stm32h7xx_hal_tim.o(.text.HAL_TIM_Base_Start_IT)
    HAL_TIM_ConfigClockSource                0x08004ba1   Thumb Code   500  stm32h7xx_hal_tim.o(.text.HAL_TIM_ConfigClockSource)
    HAL_TIM_IC_CaptureCallback               0x08004d99   Thumb Code     2  stm32h7xx_hal_tim.o(.text.HAL_TIM_IC_CaptureCallback)
    HAL_TIM_IRQHandler                       0x08004da1   Thumb Code   392  stm32h7xx_hal_tim.o(.text.HAL_TIM_IRQHandler)
    HAL_TIM_OC_DelayElapsedCallback          0x08004f29   Thumb Code     2  stm32h7xx_hal_tim.o(.text.HAL_TIM_OC_DelayElapsedCallback)
    HAL_TIM_PWM_PulseFinishedCallback        0x08004f31   Thumb Code     2  stm32h7xx_hal_tim.o(.text.HAL_TIM_PWM_PulseFinishedCallback)
    HAL_TIM_PeriodElapsedCallback            0x08004f39   Thumb Code    42  stm32h7xx_it.o(.text.HAL_TIM_PeriodElapsedCallback)
    HAL_TIM_TriggerCallback                  0x08004f69   Thumb Code     2  stm32h7xx_hal_tim.o(.text.HAL_TIM_TriggerCallback)
    HAL_UARTEx_DisableFifoMode               0x08004f71   Thumb Code    54  stm32h7xx_hal_uart_ex.o(.text.HAL_UARTEx_DisableFifoMode)
    HAL_UARTEx_RxEventCallback               0x08004fa9   Thumb Code     2  stm32h7xx_hal_uart.o(.text.HAL_UARTEx_RxEventCallback)
    HAL_UARTEx_RxFifoFullCallback            0x08004fb1   Thumb Code     2  stm32h7xx_hal_uart_ex.o(.text.HAL_UARTEx_RxFifoFullCallback)
    HAL_UARTEx_SetRxFifoThreshold            0x08004fb9   Thumb Code   146  stm32h7xx_hal_uart_ex.o(.text.HAL_UARTEx_SetRxFifoThreshold)
    HAL_UARTEx_SetTxFifoThreshold            0x08005051   Thumb Code   146  stm32h7xx_hal_uart_ex.o(.text.HAL_UARTEx_SetTxFifoThreshold)
    HAL_UARTEx_TxFifoEmptyCallback           0x080050e9   Thumb Code     2  stm32h7xx_hal_uart_ex.o(.text.HAL_UARTEx_TxFifoEmptyCallback)
    HAL_UARTEx_WakeupCallback                0x080050f1   Thumb Code     2  stm32h7xx_hal_uart_ex.o(.text.HAL_UARTEx_WakeupCallback)
    HAL_UART_DMAStop                         0x080050f9   Thumb Code   266  stm32h7xx_hal_uart.o(.text.HAL_UART_DMAStop)
    HAL_UART_EnableReceiverTimeout           0x08005209   Thumb Code    68  stm32h7xx_hal_uart.o(.text.HAL_UART_EnableReceiverTimeout)
    HAL_UART_ErrorCallback                   0x08005251   Thumb Code     2  stm32h7xx_hal_uart.o(.text.HAL_UART_ErrorCallback)
    HAL_UART_IRQHandler                      0x08005259   Thumb Code   902  stm32h7xx_hal_uart.o(.text.HAL_UART_IRQHandler)
    HAL_UART_Init                            0x080055e1   Thumb Code   196  stm32h7xx_hal_uart.o(.text.HAL_UART_Init)
    HAL_UART_MspInit                         0x080056a9   Thumb Code   794  usart.o(.text.HAL_UART_MspInit)
    HAL_UART_Receive_DMA                     0x080059c9   Thumb Code   282  stm32h7xx_hal_uart.o(.text.HAL_UART_Receive_DMA)
    HAL_UART_ReceiverTimeout_Config          0x08005ae9   Thumb Code    28  stm32h7xx_hal_uart.o(.text.HAL_UART_ReceiverTimeout_Config)
    HAL_UART_RxCpltCallback                  0x08005b09   Thumb Code     2  stm32h7xx_hal_uart.o(.text.HAL_UART_RxCpltCallback)
    HAL_UART_RxHalfCpltCallback              0x08005b11   Thumb Code     2  stm32h7xx_hal_uart.o(.text.HAL_UART_RxHalfCpltCallback)
    HAL_UART_Transmit_DMA                    0x08005b19   Thumb Code   190  stm32h7xx_hal_uart.o(.text.HAL_UART_Transmit_DMA)
    HAL_UART_TxCpltCallback                  0x08005bd9   Thumb Code     2  stm32h7xx_hal_uart.o(.text.HAL_UART_TxCpltCallback)
    HAL_UART_TxHalfCpltCallback              0x08005be1   Thumb Code     2  stm32h7xx_hal_uart.o(.text.HAL_UART_TxHalfCpltCallback)
    HardFault_Handler                        0x08005be9   Thumb Code     2  stm32h7xx_it.o(.text.HardFault_Handler)
    MX_DMA_Init                              0x08005bf1   Thumb Code   100  dma.o(.text.MX_DMA_Init)
    MX_GPIO_Init                             0x08005c59   Thumb Code   270  gpio.o(.text.MX_GPIO_Init)
    MX_SPI1_Init                             0x08005d69   Thumb Code   104  spi.o(.text.MX_SPI1_Init)
    MX_TIM2_Init                             0x08005dd1   Thumb Code   134  tim.o(.text.MX_TIM2_Init)
    MX_TIM3_Init                             0x08005e59   Thumb Code   138  tim.o(.text.MX_TIM3_Init)
    MX_UART4_Init                            0x08005ee9   Thumb Code   124  usart.o(.text.MX_UART4_Init)
    MX_UART7_Init                            0x08005f69   Thumb Code   170  usart.o(.text.MX_UART7_Init)
    MX_USART2_UART_Init                      0x08006019   Thumb Code   124  usart.o(.text.MX_USART2_UART_Init)
    MX_USART3_UART_Init                      0x08006099   Thumb Code   124  usart.o(.text.MX_USART3_UART_Init)
    MemManage_Handler                        0x08006119   Thumb Code     2  stm32h7xx_it.o(.text.MemManage_Handler)
    NMI_Handler                              0x08006121   Thumb Code     2  stm32h7xx_it.o(.text.NMI_Handler)
    PendSV_Handler                           0x08006129   Thumb Code     2  stm32h7xx_it.o(.text.PendSV_Handler)
    SPI1_IRQHandler                          0x08006371   Thumb Code    12  stm32h7xx_it.o(.text.SPI1_IRQHandler)
    SPI_ADXL355_READ1BYTE                    0x08006381   Thumb Code   124  bsp_adxl355.o(.text.SPI_ADXL355_READ1BYTE)
    SPI_ADXL355_READ3BYTE                    0x08006401   Thumb Code   214  bsp_adxl355.o(.text.SPI_ADXL355_READ3BYTE)
    SVC_Handler                              0x080065b9   Thumb Code     2  stm32h7xx_it.o(.text.SVC_Handler)
    SysTick_Handler                          0x080065c1   Thumb Code     4  stm32h7xx_it.o(.text.SysTick_Handler)
    SystemClock_Config                       0x080065c9   Thumb Code   202  main.o(.text.SystemClock_Config)
    SystemInit                               0x08006699   Thumb Code   204  system_stm32h7xx.o(.text.SystemInit)
    TIM2_IRQHandler                          0x08006769   Thumb Code    12  stm32h7xx_it.o(.text.TIM2_IRQHandler)
    TIM3_IRQHandler                          0x08006779   Thumb Code    12  stm32h7xx_it.o(.text.TIM3_IRQHandler)
    TIM_Base_SetConfig                       0x08006789   Thumb Code   316  stm32h7xx_hal_tim.o(.text.TIM_Base_SetConfig)
    UART4_IRQHandler                         0x080068c9   Thumb Code    12  stm32h7xx_it.o(.text.UART4_IRQHandler)
    UART7_IRQHandler                         0x080068d9   Thumb Code    22  stm32h7xx_it.o(.text.UART7_IRQHandler)
    UART_AdvFeatureConfig                    0x080068f1   Thumb Code   224  stm32h7xx_hal_uart.o(.text.UART_AdvFeatureConfig)
    UART_SetConfig                           0x08006b89   Thumb Code  1088  stm32h7xx_hal_uart.o(.text.UART_SetConfig)
    UART_WaitOnFlagUntilTimeout              0x08006fd1   Thumb Code   232  stm32h7xx_hal_uart.o(.text.UART_WaitOnFlagUntilTimeout)
    USART2_IRQHandler                        0x080070b9   Thumb Code    12  stm32h7xx_it.o(.text.USART2_IRQHandler)
    USART3_IRQHandler                        0x080070c9   Thumb Code    12  stm32h7xx_it.o(.text.USART3_IRQHandler)
    UsageFault_Handler                       0x080070d9   Thumb Code     2  stm32h7xx_it.o(.text.UsageFault_Handler)
    Usart7Receive_RTOE                       0x080070e1   Thumb Code   138  usart.o(.text.Usart7Receive_RTOE)
    delay_ms                                 0x08007171   Thumb Code    86  delay.o(.text.delay_ms)
    gyro_rec                                 0x080071c9   Thumb Code   254  main.o(.text.gyro_rec)
    led_run                                  0x080072c9   Thumb Code    70  main.o(.text.led_run)
    main                                     0x08007311   Thumb Code   192  main.o(.text.main)
    timer_run                                0x080073d1   Thumb Code     2  main.o(.text.timer_run)
    uart2_send                               0x080073d9   Thumb Code   348  main.o(.text.uart2_send)
    _fp_init                                 0x08007535   Thumb Code    26  fpinit.o(x$fpl$fpinit)
    __fplib_config_fpu_vfp                   0x0800754d   Thumb Code     0  fpinit.o(x$fpl$fpinit)
    __fplib_config_pureend_doubles           0x0800754d   Thumb Code     0  fpinit.o(x$fpl$fpinit)
    D1CorePrescTable                         0x0800755a   Data          16  system_stm32h7xx.o(.rodata.D1CorePrescTable)
    UARTPrescTable                           0x0800756a   Data          24  stm32h7xx_hal_uart.o(.rodata.UARTPrescTable)
    Region$$Table$$Base                      0x08007594   Number         0  anon$$obj.o(Region$$Table)
    Region$$Table$$Limit                     0x080075b4   Number         0  anon$$obj.o(Region$$Table)
    A                                        0x24000000   Data          36  main.o(.data.A)
    SystemCoreClock                          0x24000024   Data           4  system_stm32h7xx.o(.data.SystemCoreClock)
    SystemD2Clock                            0x24000028   Data           4  system_stm32h7xx.o(.data.SystemD2Clock)
    b                                        0x2400002c   Data          12  main.o(.data.b)
    uwTickFreq                               0x24000038   Data           1  stm32h7xx_hal.o(.data.uwTickFreq)
    uwTickPrio                               0x2400003c   Data           4  stm32h7xx_hal.o(.data.uwTickPrio)
    __libspace_start                         0x24000040   Data          96  libspace.o(.bss)
    GyroyOk                                  0x240000a0   Data           1  main.o(.bss.GyroyOk)
    __temporary_stack_top$libspace           0x240000a0   Data           0  libspace.o(.bss)
    RX7_Data                                 0x240000a1   Data          32  usart.o(.bss.RX7_Data)
    SendBuff                                 0x240000c4   Data          64  main.o(.bss.SendBuff)
    acce_data                                0x24000104   Data          12  main.o(.bss.acce_data)
    ax                                       0x24000110   Data           4  main.o(.bss.ax)
    ay                                       0x24000114   Data           4  main.o(.bss.ay)
    az                                       0x24000118   Data           4  main.o(.bss.az)
    gx                                       0x24000120   Data           4  main.o(.bss.gx)
    gy                                       0x24000124   Data           4  main.o(.bss.gy)
    gz                                       0x24000128   Data           4  main.o(.bss.gz)
    hdma_uart4_tx                            0x2400012c   Data         120  usart.o(.bss.hdma_uart4_tx)
    hdma_uart7_rx                            0x240001a4   Data         120  usart.o(.bss.hdma_uart7_rx)
    hdma_usart2_tx                           0x2400021c   Data         120  usart.o(.bss.hdma_usart2_tx)
    hdma_usart3_tx                           0x24000294   Data         120  usart.o(.bss.hdma_usart3_tx)
    hspi1                                    0x2400030c   Data         136  spi.o(.bss.hspi1)
    htim2                                    0x24000394   Data          76  tim.o(.bss.htim2)
    htim3                                    0x240003e0   Data          76  tim.o(.bss.htim3)
    huart2                                   0x2400042c   Data         144  usart.o(.bss.huart2)
    huart3                                   0x240004bc   Data         144  usart.o(.bss.huart3)
    huart4                                   0x2400054c   Data         144  usart.o(.bss.huart4)
    huart7                                   0x240005dc   Data         144  usart.o(.bss.huart7)
    nIMU                                     0x24000674   Data          36  main.o(.bss.nIMU)
    res                                      0x24000698   Data          12  main.o(.bss.res)
    rx7_buf                                  0x240006a4   Data          32  usart.o(.bss.rx7_buf)
    rx7_flag                                 0x240006c4   Data           1  usart.o(.bss.rx7_flag)
    rx7_size                                 0x240006c5   Data           1  usart.o(.bss.rx7_size)
    te                                       0x240006c6   Data           2  main.o(.bss.te)
    uwTick                                   0x240006cc   Data           4  stm32h7xx_hal.o(.bss.uwTick)



==============================================================================

Memory Map of the image

  Image Entry point : 0x08000299

  Load Region LR_IROM1 (Base: 0x08000000, Size: 0x000075f8, Max: 0x00200000, ABSOLUTE)

    Execution Region ER_IROM1 (Exec base: 0x08000000, Load base: 0x08000000, Size: 0x000075b4, Max: 0x00200000, ABSOLUTE)

    Exec Addr    Load Addr    Size         Type   Attr      Idx    E Section Name        Object

    0x08000000   0x08000000   0x00000298   Data   RO            3    RESET               startup_stm32h743xx.o
    0x08000298   0x08000298   0x00000008   Code   RO         1748  * !!!main             c_w.l(__main.o)
    0x080002a0   0x080002a0   0x0000005c   Code   RO         1937    !!!scatter          c_w.l(__scatter.o)
    0x080002fc   0x080002fc   0x0000001a   Code   RO         1941    !!handler_copy      c_w.l(__scatter_copy.o)
    0x08000316   0x08000316   0x00000002   PAD
    0x08000318   0x08000318   0x00000002   Code   RO         1938    !!handler_null      c_w.l(__scatter.o)
    0x0800031a   0x0800031a   0x00000002   PAD
    0x0800031c   0x0800031c   0x0000001c   Code   RO         1943    !!handler_zi        c_w.l(__scatter_zi.o)
    0x08000338   0x08000338   0x00000002   Code   RO         1802    .ARM.Collect$$libinit$$00000000  c_w.l(libinit.o)
    0x0800033a   0x0800033a   0x00000004   Code   RO         1811    .ARM.Collect$$libinit$$00000001  c_w.l(libinit2.o)
    0x0800033e   0x0800033e   0x00000000   Code   RO         1814    .ARM.Collect$$libinit$$00000004  c_w.l(libinit2.o)
    0x0800033e   0x0800033e   0x00000000   Code   RO         1816    .ARM.Collect$$libinit$$00000006  c_w.l(libinit2.o)
    0x0800033e   0x0800033e   0x00000000   Code   RO         1819    .ARM.Collect$$libinit$$0000000C  c_w.l(libinit2.o)
    0x0800033e   0x0800033e   0x00000000   Code   RO         1821    .ARM.Collect$$libinit$$0000000E  c_w.l(libinit2.o)
    0x0800033e   0x0800033e   0x00000000   Code   RO         1823    .ARM.Collect$$libinit$$00000010  c_w.l(libinit2.o)
    0x0800033e   0x0800033e   0x00000000   Code   RO         1826    .ARM.Collect$$libinit$$00000013  c_w.l(libinit2.o)
    0x0800033e   0x0800033e   0x00000000   Code   RO         1828    .ARM.Collect$$libinit$$00000015  c_w.l(libinit2.o)
    0x0800033e   0x0800033e   0x00000000   Code   RO         1830    .ARM.Collect$$libinit$$00000017  c_w.l(libinit2.o)
    0x0800033e   0x0800033e   0x00000000   Code   RO         1832    .ARM.Collect$$libinit$$00000019  c_w.l(libinit2.o)
    0x0800033e   0x0800033e   0x00000000   Code   RO         1834    .ARM.Collect$$libinit$$0000001B  c_w.l(libinit2.o)
    0x0800033e   0x0800033e   0x00000000   Code   RO         1836    .ARM.Collect$$libinit$$0000001D  c_w.l(libinit2.o)
    0x0800033e   0x0800033e   0x00000000   Code   RO         1838    .ARM.Collect$$libinit$$0000001F  c_w.l(libinit2.o)
    0x0800033e   0x0800033e   0x00000000   Code   RO         1840    .ARM.Collect$$libinit$$00000021  c_w.l(libinit2.o)
    0x0800033e   0x0800033e   0x00000000   Code   RO         1842    .ARM.Collect$$libinit$$00000023  c_w.l(libinit2.o)
    0x0800033e   0x0800033e   0x00000000   Code   RO         1844    .ARM.Collect$$libinit$$00000025  c_w.l(libinit2.o)
    0x0800033e   0x0800033e   0x00000000   Code   RO         1846    .ARM.Collect$$libinit$$00000027  c_w.l(libinit2.o)
    0x0800033e   0x0800033e   0x00000000   Code   RO         1850    .ARM.Collect$$libinit$$0000002E  c_w.l(libinit2.o)
    0x0800033e   0x0800033e   0x00000000   Code   RO         1852    .ARM.Collect$$libinit$$00000030  c_w.l(libinit2.o)
    0x0800033e   0x0800033e   0x00000000   Code   RO         1854    .ARM.Collect$$libinit$$00000032  c_w.l(libinit2.o)
    0x0800033e   0x0800033e   0x00000000   Code   RO         1856    .ARM.Collect$$libinit$$00000034  c_w.l(libinit2.o)
    0x0800033e   0x0800033e   0x00000002   Code   RO         1857    .ARM.Collect$$libinit$$00000035  c_w.l(libinit2.o)
    0x08000340   0x08000340   0x00000002   Code   RO         1892    .ARM.Collect$$libshutdown$$00000000  c_w.l(libshutdown.o)
    0x08000342   0x08000342   0x00000000   Code   RO         1920    .ARM.Collect$$libshutdown$$00000002  c_w.l(libshutdown2.o)
    0x08000342   0x08000342   0x00000000   Code   RO         1922    .ARM.Collect$$libshutdown$$00000004  c_w.l(libshutdown2.o)
    0x08000342   0x08000342   0x00000000   Code   RO         1925    .ARM.Collect$$libshutdown$$00000007  c_w.l(libshutdown2.o)
    0x08000342   0x08000342   0x00000000   Code   RO         1928    .ARM.Collect$$libshutdown$$0000000A  c_w.l(libshutdown2.o)
    0x08000342   0x08000342   0x00000000   Code   RO         1930    .ARM.Collect$$libshutdown$$0000000C  c_w.l(libshutdown2.o)
    0x08000342   0x08000342   0x00000000   Code   RO         1933    .ARM.Collect$$libshutdown$$0000000F  c_w.l(libshutdown2.o)
    0x08000342   0x08000342   0x00000002   Code   RO         1934    .ARM.Collect$$libshutdown$$00000010  c_w.l(libshutdown2.o)
    0x08000344   0x08000344   0x00000000   Code   RO         1756    .ARM.Collect$$rtentry$$00000000  c_w.l(__rtentry.o)
    0x08000344   0x08000344   0x00000000   Code   RO         1765    .ARM.Collect$$rtentry$$00000002  c_w.l(__rtentry2.o)
    0x08000344   0x08000344   0x00000006   Code   RO         1777    .ARM.Collect$$rtentry$$00000004  c_w.l(__rtentry4.o)
    0x0800034a   0x0800034a   0x00000000   Code   RO         1767    .ARM.Collect$$rtentry$$00000009  c_w.l(__rtentry2.o)
    0x0800034a   0x0800034a   0x00000004   Code   RO         1768    .ARM.Collect$$rtentry$$0000000A  c_w.l(__rtentry2.o)
    0x0800034e   0x0800034e   0x00000000   Code   RO         1770    .ARM.Collect$$rtentry$$0000000C  c_w.l(__rtentry2.o)
    0x0800034e   0x0800034e   0x00000008   Code   RO         1771    .ARM.Collect$$rtentry$$0000000D  c_w.l(__rtentry2.o)
    0x08000356   0x08000356   0x00000002   Code   RO         1803    .ARM.Collect$$rtexit$$00000000  c_w.l(rtexit.o)
    0x08000358   0x08000358   0x00000000   Code   RO         1863    .ARM.Collect$$rtexit$$00000002  c_w.l(rtexit2.o)
    0x08000358   0x08000358   0x00000004   Code   RO         1864    .ARM.Collect$$rtexit$$00000003  c_w.l(rtexit2.o)
    0x0800035c   0x0800035c   0x00000006   Code   RO         1865    .ARM.Collect$$rtexit$$00000004  c_w.l(rtexit2.o)
    0x08000362   0x08000362   0x00000002   PAD
    0x08000364   0x08000364   0x00000040   Code   RO            4    .text               startup_stm32h743xx.o
    0x080003a4   0x080003a4   0x000000f0   Code   RO         1742    .text               c_w.l(lludivv7m.o)
    0x08000494   0x08000494   0x0000004e   Code   RO         1744    .text               c_w.l(rt_memclr_w.o)
    0x080004e2   0x080004e2   0x00000006   Code   RO         1746    .text               c_w.l(heapauxi.o)
    0x080004e8   0x080004e8   0x00000008   Code   RO         1786    .text               c_w.l(libspace.o)
    0x080004f0   0x080004f0   0x0000004a   Code   RO         1789    .text               c_w.l(sys_stackheap_outer.o)
    0x0800053a   0x0800053a   0x00000012   Code   RO         1791    .text               c_w.l(exit.o)
    0x0800054c   0x0800054c   0x0000000c   Code   RO         1858    .text               c_w.l(sys_exit.o)
    0x08000558   0x08000558   0x00000002   Code   RO         1881    .text               c_w.l(use_no_semi.o)
    0x0800055a   0x0800055a   0x00000000   Code   RO         1883    .text               c_w.l(indicate_semi.o)
    0x0800055a   0x0800055a   0x00000006   PAD
    0x08000560   0x08000560   0x0000006a   Code   RO           25    .text.ADXL355_Data_Scan  bsp_adxl355.o
    0x080005ca   0x080005ca   0x00000006   PAD
    0x080005d0   0x080005d0   0x000000e6   Code   RO           19    .text.ADXL355_Init  bsp_adxl355.o
    0x080006b6   0x080006b6   0x00000002   PAD
    0x080006b8   0x080006b8   0x0000007c   Code   RO           21    .text.ADXL355_Start_Sensor  bsp_adxl355.o
    0x08000734   0x08000734   0x00000004   PAD
    0x08000738   0x08000738   0x00000002   Code   RO          218    .text.BusFault_Handler  stm32h7xx_it.o
    0x0800073a   0x0800073a   0x00000006   PAD
    0x08000740   0x08000740   0x0000000c   Code   RO          230    .text.DMA1_Stream0_IRQHandler  stm32h7xx_it.o
    0x0800074c   0x0800074c   0x00000004   PAD
    0x08000750   0x08000750   0x0000000c   Code   RO          232    .text.DMA1_Stream1_IRQHandler  stm32h7xx_it.o
    0x0800075c   0x0800075c   0x00000004   PAD
    0x08000760   0x08000760   0x0000000c   Code   RO          234    .text.DMA1_Stream2_IRQHandler  stm32h7xx_it.o
    0x0800076c   0x0800076c   0x00000004   PAD
    0x08000770   0x08000770   0x0000000c   Code   RO          236    .text.DMA1_Stream3_IRQHandler  stm32h7xx_it.o
    0x0800077c   0x0800077c   0x00000004   PAD
    0x08000780   0x08000780   0x00000118   Code   RO          653    .text.DMA_CalcBaseAndBitshift  stm32h7xx_hal_dma.o
    0x08000898   0x08000898   0x000002f4   Code   RO          659    .text.DMA_SetConfig  stm32h7xx_hal_dma.o
    0x08000b8c   0x08000b8c   0x00000004   PAD
    0x08000b90   0x08000b90   0x00000002   Code   RO          224    .text.DebugMon_Handler  stm32h7xx_it.o
    0x08000b92   0x08000b92   0x00000006   PAD
    0x08000b98   0x08000b98   0x0000000a   Code   RO           92    .text.Error_Handler  main.o
    0x08000ba2   0x08000ba2   0x00000006   PAD
    0x08000ba8   0x08000ba8   0x000004e0   Code   RO          663    .text.HAL_DMA_Abort  stm32h7xx_hal_dma.o
    0x08001088   0x08001088   0x00000298   Code   RO          665    .text.HAL_DMA_Abort_IT  stm32h7xx_hal_dma.o
    0x08001320   0x08001320   0x00000004   Code   RO          677    .text.HAL_DMA_GetError  stm32h7xx_hal_dma.o
    0x08001324   0x08001324   0x00000004   PAD
    0x08001328   0x08001328   0x00000a7c   Code   RO          669    .text.HAL_DMA_IRQHandler  stm32h7xx_hal_dma.o
    0x08001da4   0x08001da4   0x00000004   PAD
    0x08001da8   0x08001da8   0x0000061e   Code   RO          651    .text.HAL_DMA_Init  stm32h7xx_hal_dma.o
    0x080023c6   0x080023c6   0x00000002   PAD
    0x080023c8   0x080023c8   0x00000386   Code   RO          661    .text.HAL_DMA_Start_IT  stm32h7xx_hal_dma.o
    0x0800274e   0x0800274e   0x00000002   PAD
    0x08002750   0x08002750   0x000001a2   Code   RO          597    .text.HAL_GPIO_Init  stm32h7xx_hal_gpio.o
    0x080028f2   0x080028f2   0x00000006   PAD
    0x080028f8   0x080028f8   0x00000010   Code   RO          605    .text.HAL_GPIO_TogglePin  stm32h7xx_hal_gpio.o
    0x08002908   0x08002908   0x0000000a   Code   RO          603    .text.HAL_GPIO_WritePin  stm32h7xx_hal_gpio.o
    0x08002912   0x08002912   0x00000006   PAD
    0x08002918   0x08002918   0x0000000e   Code   RO          917    .text.HAL_GetREVID  stm32h7xx_hal.o
    0x08002926   0x08002926   0x00000002   PAD
    0x08002928   0x08002928   0x0000000c   Code   RO          901    .text.HAL_GetTick   stm32h7xx_hal.o
    0x08002934   0x08002934   0x00000004   PAD
    0x08002938   0x08002938   0x0000001a   Code   RO          899    .text.HAL_IncTick   stm32h7xx_hal.o
    0x08002952   0x08002952   0x00000006   PAD
    0x08002958   0x08002958   0x00000064   Code   RO          889    .text.HAL_Init      stm32h7xx_hal.o
    0x080029bc   0x080029bc   0x00000004   PAD
    0x080029c0   0x080029c0   0x00000058   Code   RO          891    .text.HAL_InitTick  stm32h7xx_hal.o
    0x08002a18   0x08002a18   0x0000005e   Code   RO          288    .text.HAL_MPU_ConfigRegion  stm32h7xx_hal_cortex.o
    0x08002a76   0x08002a76   0x00000002   PAD
    0x08002a78   0x08002a78   0x0000001a   Code   RO          284    .text.HAL_MPU_Disable  stm32h7xx_hal_cortex.o
    0x08002a92   0x08002a92   0x00000006   PAD
    0x08002a98   0x08002a98   0x00000020   Code   RO          286    .text.HAL_MPU_Enable  stm32h7xx_hal_cortex.o
    0x08002ab8   0x08002ab8   0x00000020   Code   RO          262    .text.HAL_MspInit   stm32h7xx_hal_msp.o
    0x08002ad8   0x08002ad8   0x00000022   Code   RO          274    .text.HAL_NVIC_EnableIRQ  stm32h7xx_hal_cortex.o
    0x08002afa   0x08002afa   0x00000006   PAD
    0x08002b00   0x08002b00   0x0000005a   Code   RO          272    .text.HAL_NVIC_SetPriority  stm32h7xx_hal_cortex.o
    0x08002b5a   0x08002b5a   0x00000006   PAD
    0x08002b60   0x08002b60   0x00000020   Code   RO          270    .text.HAL_NVIC_SetPriorityGrouping  stm32h7xx_hal_cortex.o
    0x08002b80   0x08002b80   0x00000048   Code   RO          801    .text.HAL_PWREx_ConfigSupply  stm32h7xx_hal_pwr_ex.o
    0x08002bc8   0x08002bc8   0x00000026   Code   RO          484    .text.HAL_RCCEx_GetD3PCLK1Freq  stm32h7xx_hal_rcc_ex.o
    0x08002bee   0x08002bee   0x00000002   PAD
    0x08002bf0   0x08002bf0   0x00000128   Code   RO          480    .text.HAL_RCCEx_GetPLL2ClockFreq  stm32h7xx_hal_rcc_ex.o
    0x08002d18   0x08002d18   0x00000128   Code   RO          482    .text.HAL_RCCEx_GetPLL3ClockFreq  stm32h7xx_hal_rcc_ex.o
    0x08002e40   0x08002e40   0x0000097e   Code   RO          468    .text.HAL_RCCEx_PeriphCLKConfig  stm32h7xx_hal_rcc_ex.o
    0x080037be   0x080037be   0x00000002   PAD
    0x080037c0   0x080037c0   0x0000024a   Code   RO          436    .text.HAL_RCC_ClockConfig  stm32h7xx_hal_rcc.o
    0x08003a0a   0x08003a0a   0x00000006   PAD
    0x08003a10   0x08003a10   0x0000004c   Code   RO          446    .text.HAL_RCC_GetHCLKFreq  stm32h7xx_hal_rcc.o
    0x08003a5c   0x08003a5c   0x00000004   PAD
    0x08003a60   0x08003a60   0x00000060   Code   RO          448    .text.HAL_RCC_GetPCLK1Freq  stm32h7xx_hal_rcc.o
    0x08003ac0   0x08003ac0   0x00000060   Code   RO          450    .text.HAL_RCC_GetPCLK2Freq  stm32h7xx_hal_rcc.o
    0x08003b20   0x08003b20   0x00000108   Code   RO          438    .text.HAL_RCC_GetSysClockFreq  stm32h7xx_hal_rcc.o
    0x08003c28   0x08003c28   0x000005de   Code   RO          434    .text.HAL_RCC_OscConfig  stm32h7xx_hal_rcc.o
    0x08004206   0x08004206   0x00000002   PAD
    0x08004208   0x08004208   0x00000002   Code   RO          390    .text.HAL_SPI_ErrorCallback  stm32h7xx_hal_spi.o
    0x0800420a   0x0800420a   0x00000006   PAD
    0x08004210   0x08004210   0x00000236   Code   RO          388    .text.HAL_SPI_IRQHandler  stm32h7xx_hal_spi.o
    0x08004446   0x08004446   0x00000002   PAD
    0x08004448   0x08004448   0x0000017c   Code   RO          318    .text.HAL_SPI_Init  stm32h7xx_hal_spi.o
    0x080045c4   0x080045c4   0x00000004   PAD
    0x080045c8   0x080045c8   0x0000009e   Code   RO          147    .text.HAL_SPI_MspInit  spi.o
    0x08004666   0x08004666   0x00000002   PAD
    0x08004668   0x08004668   0x00000002   Code   RO          394    .text.HAL_SPI_RxCpltCallback  stm32h7xx_hal_spi.o
    0x0800466a   0x0800466a   0x00000006   PAD
    0x08004670   0x08004670   0x0000027c   Code   RO          332    .text.HAL_SPI_TransmitReceive  stm32h7xx_hal_spi.o
    0x080048ec   0x080048ec   0x00000004   PAD
    0x080048f0   0x080048f0   0x00000002   Code   RO          396    .text.HAL_SPI_TxCpltCallback  stm32h7xx_hal_spi.o
    0x080048f2   0x080048f2   0x00000006   PAD
    0x080048f8   0x080048f8   0x00000002   Code   RO          392    .text.HAL_SPI_TxRxCpltCallback  stm32h7xx_hal_spi.o
    0x080048fa   0x080048fa   0x00000006   PAD
    0x08004900   0x08004900   0x0000002c   Code   RO          282    .text.HAL_SYSTICK_Config  stm32h7xx_hal_cortex.o
    0x0800492c   0x0800492c   0x00000004   PAD
    0x08004930   0x08004930   0x00000002   Code   RO         1505    .text.HAL_TIMEx_Break2Callback  stm32h7xx_hal_tim_ex.o
    0x08004932   0x08004932   0x00000006   PAD
    0x08004938   0x08004938   0x00000002   Code   RO         1503    .text.HAL_TIMEx_BreakCallback  stm32h7xx_hal_tim_ex.o
    0x0800493a   0x0800493a   0x00000006   PAD
    0x08004940   0x08004940   0x00000002   Code   RO         1499    .text.HAL_TIMEx_CommutCallback  stm32h7xx_hal_tim_ex.o
    0x08004942   0x08004942   0x00000006   PAD
    0x08004948   0x08004948   0x000000d0   Code   RO         1487    .text.HAL_TIMEx_MasterConfigSynchronization  stm32h7xx_hal_tim_ex.o
    0x08004a18   0x08004a18   0x00000060   Code   RO         1192    .text.HAL_TIM_Base_Init  stm32h7xx_hal_tim.o
    0x08004a78   0x08004a78   0x0000006c   Code   RO          164    .text.HAL_TIM_Base_MspInit  tim.o
    0x08004ae4   0x08004ae4   0x00000004   PAD
    0x08004ae8   0x08004ae8   0x000000b2   Code   RO         1206    .text.HAL_TIM_Base_Start_IT  stm32h7xx_hal_tim.o
    0x08004b9a   0x08004b9a   0x00000006   PAD
    0x08004ba0   0x08004ba0   0x000001f4   Code   RO         1372    .text.HAL_TIM_ConfigClockSource  stm32h7xx_hal_tim.o
    0x08004d94   0x08004d94   0x00000004   PAD
    0x08004d98   0x08004d98   0x00000002   Code   RO         1328    .text.HAL_TIM_IC_CaptureCallback  stm32h7xx_hal_tim.o
    0x08004d9a   0x08004d9a   0x00000006   PAD
    0x08004da0   0x08004da0   0x00000188   Code   RO         1326    .text.HAL_TIM_IRQHandler  stm32h7xx_hal_tim.o
    0x08004f28   0x08004f28   0x00000002   Code   RO         1330    .text.HAL_TIM_OC_DelayElapsedCallback  stm32h7xx_hal_tim.o
    0x08004f2a   0x08004f2a   0x00000006   PAD
    0x08004f30   0x08004f30   0x00000002   Code   RO         1332    .text.HAL_TIM_PWM_PulseFinishedCallback  stm32h7xx_hal_tim.o
    0x08004f32   0x08004f32   0x00000006   PAD
    0x08004f38   0x08004f38   0x0000002a   Code   RO          252    .text.HAL_TIM_PeriodElapsedCallback  stm32h7xx_it.o
    0x08004f62   0x08004f62   0x00000006   PAD
    0x08004f68   0x08004f68   0x00000002   Code   RO         1336    .text.HAL_TIM_TriggerCallback  stm32h7xx_hal_tim.o
    0x08004f6a   0x08004f6a   0x00000006   PAD
    0x08004f70   0x08004f70   0x00000036   Code   RO         1682    .text.HAL_UARTEx_DisableFifoMode  stm32h7xx_hal_uart_ex.o
    0x08004fa6   0x08004fa6   0x00000002   PAD
    0x08004fa8   0x08004fa8   0x00000002   Code   RO         1609    .text.HAL_UARTEx_RxEventCallback  stm32h7xx_hal_uart.o
    0x08004faa   0x08004faa   0x00000006   PAD
    0x08004fb0   0x08004fb0   0x00000002   Code   RO         1668    .text.HAL_UARTEx_RxFifoFullCallback  stm32h7xx_hal_uart_ex.o
    0x08004fb2   0x08004fb2   0x00000006   PAD
    0x08004fb8   0x08004fb8   0x00000092   Code   RO         1686    .text.HAL_UARTEx_SetRxFifoThreshold  stm32h7xx_hal_uart_ex.o
    0x0800504a   0x0800504a   0x00000006   PAD
    0x08005050   0x08005050   0x00000092   Code   RO         1684    .text.HAL_UARTEx_SetTxFifoThreshold  stm32h7xx_hal_uart_ex.o
    0x080050e2   0x080050e2   0x00000006   PAD
    0x080050e8   0x080050e8   0x00000002   Code   RO         1670    .text.HAL_UARTEx_TxFifoEmptyCallback  stm32h7xx_hal_uart_ex.o
    0x080050ea   0x080050ea   0x00000006   PAD
    0x080050f0   0x080050f0   0x00000002   Code   RO         1666    .text.HAL_UARTEx_WakeupCallback  stm32h7xx_hal_uart_ex.o
    0x080050f2   0x080050f2   0x00000006   PAD
    0x080050f8   0x080050f8   0x0000010a   Code   RO         1575    .text.HAL_UART_DMAStop  stm32h7xx_hal_uart.o
    0x08005202   0x08005202   0x00000006   PAD
    0x08005208   0x08005208   0x00000044   Code   RO         1621    .text.HAL_UART_EnableReceiverTimeout  stm32h7xx_hal_uart.o
    0x0800524c   0x0800524c   0x00000004   PAD
    0x08005250   0x08005250   0x00000002   Code   RO         1607    .text.HAL_UART_ErrorCallback  stm32h7xx_hal_uart.o
    0x08005252   0x08005252   0x00000006   PAD
    0x08005258   0x08005258   0x00000386   Code   RO         1603    .text.HAL_UART_IRQHandler  stm32h7xx_hal_uart.o
    0x080055de   0x080055de   0x00000002   PAD
    0x080055e0   0x080055e0   0x000000c4   Code   RO         1519    .text.HAL_UART_Init  stm32h7xx_hal_uart.o
    0x080056a4   0x080056a4   0x00000004   PAD
    0x080056a8   0x080056a8   0x0000031a   Code   RO          186    .text.HAL_UART_MspInit  usart.o
    0x080059c2   0x080059c2   0x00000006   PAD
    0x080059c8   0x080059c8   0x0000011a   Code   RO         1567    .text.HAL_UART_Receive_DMA  stm32h7xx_hal_uart.o
    0x08005ae2   0x08005ae2   0x00000006   PAD
    0x08005ae8   0x08005ae8   0x0000001c   Code   RO         1619    .text.HAL_UART_ReceiverTimeout_Config  stm32h7xx_hal_uart.o
    0x08005b04   0x08005b04   0x00000004   PAD
    0x08005b08   0x08005b08   0x00000002   Code   RO         1615    .text.HAL_UART_RxCpltCallback  stm32h7xx_hal_uart.o
    0x08005b0a   0x08005b0a   0x00000006   PAD
    0x08005b10   0x08005b10   0x00000002   Code   RO         1617    .text.HAL_UART_RxHalfCpltCallback  stm32h7xx_hal_uart.o
    0x08005b12   0x08005b12   0x00000006   PAD
    0x08005b18   0x08005b18   0x000000be   Code   RO         1559    .text.HAL_UART_Transmit_DMA  stm32h7xx_hal_uart.o
    0x08005bd6   0x08005bd6   0x00000002   PAD
    0x08005bd8   0x08005bd8   0x00000002   Code   RO         1611    .text.HAL_UART_TxCpltCallback  stm32h7xx_hal_uart.o
    0x08005bda   0x08005bda   0x00000006   PAD
    0x08005be0   0x08005be0   0x00000002   Code   RO         1613    .text.HAL_UART_TxHalfCpltCallback  stm32h7xx_hal_uart.o
    0x08005be2   0x08005be2   0x00000006   PAD
    0x08005be8   0x08005be8   0x00000002   Code   RO          214    .text.HardFault_Handler  stm32h7xx_it.o
    0x08005bea   0x08005bea   0x00000006   PAD
    0x08005bf0   0x08005bf0   0x00000064   Code   RO          136    .text.MX_DMA_Init   dma.o
    0x08005c54   0x08005c54   0x00000004   PAD
    0x08005c58   0x08005c58   0x0000010e   Code   RO          127    .text.MX_GPIO_Init  gpio.o
    0x08005d66   0x08005d66   0x00000002   PAD
    0x08005d68   0x08005d68   0x00000068   Code   RO          145    .text.MX_SPI1_Init  spi.o
    0x08005dd0   0x08005dd0   0x00000086   Code   RO          160    .text.MX_TIM2_Init  tim.o
    0x08005e56   0x08005e56   0x00000002   PAD
    0x08005e58   0x08005e58   0x0000008a   Code   RO          162    .text.MX_TIM3_Init  tim.o
    0x08005ee2   0x08005ee2   0x00000006   PAD
    0x08005ee8   0x08005ee8   0x0000007c   Code   RO          178    .text.MX_UART4_Init  usart.o
    0x08005f64   0x08005f64   0x00000004   PAD
    0x08005f68   0x08005f68   0x000000aa   Code   RO          180    .text.MX_UART7_Init  usart.o
    0x08006012   0x08006012   0x00000006   PAD
    0x08006018   0x08006018   0x0000007c   Code   RO          182    .text.MX_USART2_UART_Init  usart.o
    0x08006094   0x08006094   0x00000004   PAD
    0x08006098   0x08006098   0x0000007c   Code   RO          184    .text.MX_USART3_UART_Init  usart.o
    0x08006114   0x08006114   0x00000004   PAD
    0x08006118   0x08006118   0x00000002   Code   RO          216    .text.MemManage_Handler  stm32h7xx_it.o
    0x0800611a   0x0800611a   0x00000006   PAD
    0x08006120   0x08006120   0x00000002   Code   RO          212    .text.NMI_Handler   stm32h7xx_it.o
    0x08006122   0x08006122   0x00000006   PAD
    0x08006128   0x08006128   0x00000002   Code   RO          226    .text.PendSV_Handler  stm32h7xx_it.o
    0x0800612a   0x0800612a   0x00000006   PAD
    0x08006130   0x08006130   0x0000011e   Code   RO          470    .text.RCCEx_PLL2_Config  stm32h7xx_hal_rcc_ex.o
    0x0800624e   0x0800624e   0x00000002   PAD
    0x08006250   0x08006250   0x0000011e   Code   RO          472    .text.RCCEx_PLL3_Config  stm32h7xx_hal_rcc_ex.o
    0x0800636e   0x0800636e   0x00000002   PAD
    0x08006370   0x08006370   0x0000000c   Code   RO          242    .text.SPI1_IRQHandler  stm32h7xx_it.o
    0x0800637c   0x0800637c   0x00000004   PAD
    0x08006380   0x08006380   0x0000007c   Code   RO           15    .text.SPI_ADXL355_READ1BYTE  bsp_adxl355.o
    0x080063fc   0x080063fc   0x00000004   PAD
    0x08006400   0x08006400   0x000000d6   Code   RO           17    .text.SPI_ADXL355_READ3BYTE  bsp_adxl355.o
    0x080064d6   0x080064d6   0x00000002   PAD
    0x080064d8   0x080064d8   0x000000c4   Code   RO          328    .text.SPI_CloseTransfer  stm32h7xx_hal_spi.o
    0x0800659c   0x0800659c   0x00000004   PAD
    0x080065a0   0x080065a0   0x00000016   Code   RO          398    .text.SPI_DMAAbortOnError  stm32h7xx_hal_spi.o
    0x080065b6   0x080065b6   0x00000002   PAD
    0x080065b8   0x080065b8   0x00000002   Code   RO          222    .text.SVC_Handler   stm32h7xx_it.o
    0x080065ba   0x080065ba   0x00000006   PAD
    0x080065c0   0x080065c0   0x00000004   Code   RO          228    .text.SysTick_Handler  stm32h7xx_it.o
    0x080065c4   0x080065c4   0x00000004   PAD
    0x080065c8   0x080065c8   0x000000ca   Code   RO           90    .text.SystemClock_Config  main.o
    0x08006692   0x08006692   0x00000006   PAD
    0x08006698   0x08006698   0x000000cc   Code   RO         1703    .text.SystemInit    system_stm32h7xx.o
    0x08006764   0x08006764   0x00000004   PAD
    0x08006768   0x08006768   0x0000000c   Code   RO          238    .text.TIM2_IRQHandler  stm32h7xx_it.o
    0x08006774   0x08006774   0x00000004   PAD
    0x08006778   0x08006778   0x0000000c   Code   RO          240    .text.TIM3_IRQHandler  stm32h7xx_it.o
    0x08006784   0x08006784   0x00000004   PAD
    0x08006788   0x08006788   0x0000013c   Code   RO         1196    .text.TIM_Base_SetConfig  stm32h7xx_hal_tim.o
    0x080068c4   0x080068c4   0x00000004   PAD
    0x080068c8   0x080068c8   0x0000000c   Code   RO          248    .text.UART4_IRQHandler  stm32h7xx_it.o
    0x080068d4   0x080068d4   0x00000004   PAD
    0x080068d8   0x080068d8   0x00000016   Code   RO          250    .text.UART7_IRQHandler  stm32h7xx_it.o
    0x080068ee   0x080068ee   0x00000002   PAD
    0x080068f0   0x080068f0   0x000000e0   Code   RO         1525    .text.UART_AdvFeatureConfig  stm32h7xx_hal_uart.o
    0x080069d0   0x080069d0   0x00000010   Code   RO         1605    .text.UART_DMAAbortOnError  stm32h7xx_hal_uart.o
    0x080069e0   0x080069e0   0x000000c8   Code   RO         1565    .text.UART_DMAError  stm32h7xx_hal_uart.o
    0x08006aa8   0x08006aa8   0x0000007e   Code   RO         1649    .text.UART_DMAReceiveCplt  stm32h7xx_hal_uart.o
    0x08006b26   0x08006b26   0x00000002   PAD
    0x08006b28   0x08006b28   0x00000016   Code   RO         1651    .text.UART_DMARxHalfCplt  stm32h7xx_hal_uart.o
    0x08006b3e   0x08006b3e   0x00000002   PAD
    0x08006b40   0x08006b40   0x0000003e   Code   RO         1561    .text.UART_DMATransmitCplt  stm32h7xx_hal_uart.o
    0x08006b7e   0x08006b7e   0x00000002   PAD
    0x08006b80   0x08006b80   0x00000006   Code   RO         1563    .text.UART_DMATxHalfCplt  stm32h7xx_hal_uart.o
    0x08006b86   0x08006b86   0x00000002   PAD
    0x08006b88   0x08006b88   0x00000448   Code   RO         1523    .text.UART_SetConfig  stm32h7xx_hal_uart.o
    0x08006fd0   0x08006fd0   0x000000e8   Code   RO         1541    .text.UART_WaitOnFlagUntilTimeout  stm32h7xx_hal_uart.o
    0x080070b8   0x080070b8   0x0000000c   Code   RO          244    .text.USART2_IRQHandler  stm32h7xx_it.o
    0x080070c4   0x080070c4   0x00000004   PAD
    0x080070c8   0x080070c8   0x0000000c   Code   RO          246    .text.USART3_IRQHandler  stm32h7xx_it.o
    0x080070d4   0x080070d4   0x00000004   PAD
    0x080070d8   0x080070d8   0x00000002   Code   RO          220    .text.UsageFault_Handler  stm32h7xx_it.o
    0x080070da   0x080070da   0x00000006   PAD
    0x080070e0   0x080070e0   0x0000008a   Code   RO          190    .text.Usart7Receive_RTOE  usart.o
    0x0800716a   0x0800716a   0x00000006   PAD
    0x08007170   0x08007170   0x00000056   Code   RO           39    .text.delay_ms      delay.o
    0x080071c6   0x080071c6   0x00000002   PAD
    0x080071c8   0x080071c8   0x000000fe   Code   RO           86    .text.gyro_rec      main.o
    0x080072c6   0x080072c6   0x00000002   PAD
    0x080072c8   0x080072c8   0x00000046   Code   RO           80    .text.led_run       main.o
    0x0800730e   0x0800730e   0x00000002   PAD
    0x08007310   0x08007310   0x000000c0   Code   RO           88    .text.main          main.o
    0x080073d0   0x080073d0   0x00000002   Code   RO           82    .text.timer_run     main.o
    0x080073d2   0x080073d2   0x00000006   PAD
    0x080073d8   0x080073d8   0x0000015c   Code   RO           84    .text.uart2_send    main.o
    0x08007534   0x08007534   0x0000001a   Code   RO         1875    x$fpl$fpinit        fz_wv.l(fpinit.o)
    0x0800754e   0x0800754e   0x00000006   Data   RO         1654    .rodata..Lswitch.table.UART_SetConfig.5  stm32h7xx_hal_uart.o
    0x08007554   0x08007554   0x00000006   Data   RO         1655    .rodata..Lswitch.table.UART_SetConfig.7  stm32h7xx_hal_uart.o
    0x0800755a   0x0800755a   0x00000010   Data   RO         1709    .rodata.D1CorePrescTable  system_stm32h7xx.o
    0x0800756a   0x0800756a   0x00000018   Data   RO         1653    .rodata.UARTPrescTable  stm32h7xx_hal_uart.o
    0x08007582   0x08007582   0x00000010   Data   RO         1694    .rodata.cst8        stm32h7xx_hal_uart_ex.o
    0x08007592   0x08007592   0x00000002   PAD
    0x08007594   0x08007594   0x00000020   Data   RO         1936    Region$$Table       anon$$obj.o


    Execution Region RW_IRAM2 (Exec base: 0x24000000, Load base: 0x080075b8, Size: 0x00000cd0, Max: 0x00080000, ABSOLUTE)

    Exec Addr    Load Addr    Size         Type   Attr      Idx    E Section Name        Object

    0x24000000   0x080075b8   0x00000024   Data   RW           94    .data.A             main.o
    0x24000024   0x080075dc   0x00000004   Data   RW         1707    .data.SystemCoreClock  system_stm32h7xx.o
    0x24000028   0x080075e0   0x00000004   Data   RW         1708    .data.SystemD2Clock  system_stm32h7xx.o
    0x2400002c   0x080075e4   0x0000000c   Data   RW           95    .data.b             main.o
    0x24000038   0x080075f0   0x00000001   Data   RW          986    .data.uwTickFreq    stm32h7xx_hal.o
    0x24000039   0x080075f1   0x00000003   PAD
    0x2400003c   0x080075f4   0x00000004   Data   RW          985    .data.uwTickPrio    stm32h7xx_hal.o
    0x24000040        -       0x00000060   Zero   RW         1787    .bss                c_w.l(libspace.o)
    0x240000a0        -       0x00000001   Zero   RW          109    .bss.GyroyOk        main.o
    0x240000a1        -       0x00000020   Zero   RW          202    .bss.RX7_Data       usart.o
    0x240000c1   0x080075f8   0x00000003   PAD
    0x240000c4        -       0x00000040   Zero   RW           99    .bss.SendBuff       main.o
    0x24000104        -       0x0000000c   Zero   RW          110    .bss.acce_data      main.o
    0x24000110        -       0x00000004   Zero   RW          105    .bss.ax             main.o
    0x24000114        -       0x00000004   Zero   RW          106    .bss.ay             main.o
    0x24000118        -       0x00000004   Zero   RW          107    .bss.az             main.o
    0x2400011c        -       0x00000004   Zero   RW           41    .bss.fac_us         delay.o
    0x24000120        -       0x00000004   Zero   RW          100    .bss.gx             main.o
    0x24000124        -       0x00000004   Zero   RW          101    .bss.gy             main.o
    0x24000128        -       0x00000004   Zero   RW          102    .bss.gz             main.o
    0x2400012c        -       0x00000078   Zero   RW          197    .bss.hdma_uart4_tx  usart.o
    0x240001a4        -       0x00000078   Zero   RW          198    .bss.hdma_uart7_rx  usart.o
    0x2400021c        -       0x00000078   Zero   RW          199    .bss.hdma_usart2_tx  usart.o
    0x24000294        -       0x00000078   Zero   RW          200    .bss.hdma_usart3_tx  usart.o
    0x2400030c        -       0x00000088   Zero   RW          151    .bss.hspi1          spi.o
    0x24000394        -       0x0000004c   Zero   RW          168    .bss.htim2          tim.o
    0x240003e0        -       0x0000004c   Zero   RW          169    .bss.htim3          tim.o
    0x2400042c        -       0x00000090   Zero   RW          195    .bss.huart2         usart.o
    0x240004bc        -       0x00000090   Zero   RW          196    .bss.huart3         usart.o
    0x2400054c        -       0x00000090   Zero   RW          192    .bss.huart4         usart.o
    0x240005dc        -       0x00000090   Zero   RW          193    .bss.huart7         usart.o
    0x2400066c        -       0x00000004   Zero   RW           96    .bss.led_run.cnt    main.o
    0x24000670        -       0x00000004   Zero   RW           97    .bss.led_run.cnt1   main.o
    0x24000674        -       0x00000024   Zero   RW          104    .bss.nIMU           main.o
    0x24000698        -       0x0000000c   Zero   RW          103    .bss.res            main.o
    0x240006a4        -       0x00000020   Zero   RW          194    .bss.rx7_buf        usart.o
    0x240006c4        -       0x00000001   Zero   RW          203    .bss.rx7_flag       usart.o
    0x240006c5        -       0x00000001   Zero   RW          201    .bss.rx7_size       usart.o
    0x240006c6        -       0x00000002   Zero   RW          108    .bss.te             main.o
    0x240006c8        -       0x00000001   Zero   RW           98    .bss.uart2_send.cnt  main.o
    0x240006c9   0x080075f8   0x00000003   PAD
    0x240006cc        -       0x00000004   Zero   RW          987    .bss.uwTick         stm32h7xx_hal.o
    0x240006d0        -       0x00000200   Zero   RW            2    HEAP                startup_stm32h743xx.o
    0x240008d0        -       0x00000400   Zero   RW            1    STACK               startup_stm32h743xx.o


==============================================================================

Image component sizes


      Code (inc. data)   RO Data    RW Data    ZI Data      Debug   Object Name

       798          0          0          0          0       6329   bsp_adxl355.o
        86          0          0          0          4       2048   delay.o
       100          0          0          0          0       5468   dma.o
       270          0          0          0          0       3071   gpio.o
      1078          0          0         48        160      10737   main.o
       262          0          0          0        136      11393   spi.o
        64         26        664          0       1536        832   startup_stm32h743xx.o
       240          0          0          5          4      14954   stm32h7xx_hal.o
       352          0          0          0          0      12210   stm32h7xx_hal_cortex.o
      8104         12          0          0          0      17840   stm32h7xx_hal_dma.o
       444          0          0          0          0       6935   stm32h7xx_hal_gpio.o
        32          0          0          0          0       2213   stm32h7xx_hal_msp.o
        72          0          0          0          0      10544   stm32h7xx_hal_pwr_ex.o
      2620         16          0          0          0      11606   stm32h7xx_hal_rcc.o
      3632        134          0          0          0      17232   stm32h7xx_hal_rcc_ex.o
      1808          0          0          0          0      22225   stm32h7xx_hal_spi.o
      1490          0          0          0          0      66210   stm32h7xx_hal_tim.o
       214          0          0          0          0      25547   stm32h7xx_hal_tim_ex.o
      3928        300         36          0          0      36849   stm32h7xx_hal_uart.o
       352          0         16          0          0      10755   stm32h7xx_hal_uart_ex.o
       204          0          0          0          0       9229   stm32h7xx_it.o
       204          0         16          8          0       5856   system_stm32h7xx.o
       380          0          0          0        152      10033   tim.o
      1474          0          0          0       1122      13441   usart.o

    ----------------------------------------------------------------------
     28692        488        766         64       3120     333557   Object Totals
         0          0         32          0          0          0   (incl. Generated)
       484          0          2          3          6          0   (incl. Padding)

    ----------------------------------------------------------------------

      Code (inc. data)   RO Data    RW Data    ZI Data      Debug   Library Member Name

         8          0          0          0          0         68   __main.o
         0          0          0          0          0          0   __rtentry.o
        12          0          0          0          0          0   __rtentry2.o
         6          0          0          0          0          0   __rtentry4.o
        94          8          0          0          0          0   __scatter.o
        26          0          0          0          0          0   __scatter_copy.o
        28          0          0          0          0          0   __scatter_zi.o
        18          0          0          0          0         80   exit.o
         6          0          0          0          0        152   heapauxi.o
         0          0          0          0          0          0   indicate_semi.o
         2          0          0          0          0          0   libinit.o
         6          0          0          0          0          0   libinit2.o
         2          0          0          0          0          0   libshutdown.o
         2          0          0          0          0          0   libshutdown2.o
         8          4          0          0         96         68   libspace.o
       240          0          0          0          0        100   lludivv7m.o
        78          0          0          0          0         80   rt_memclr_w.o
         2          0          0          0          0          0   rtexit.o
        10          0          0          0          0          0   rtexit2.o
        12          4          0          0          0         68   sys_exit.o
        74          0          0          0          0         80   sys_stackheap_outer.o
         2          0          0          0          0         68   use_no_semi.o
        26          0          0          0          0        116   fpinit.o

    ----------------------------------------------------------------------
       674         16          0          0         96        880   Library Totals
        12          0          0          0          0          0   (incl. Padding)

    ----------------------------------------------------------------------

      Code (inc. data)   RO Data    RW Data    ZI Data      Debug   Library Name

       636         16          0          0         96        764   c_w.l
        26          0          0          0          0        116   fz_wv.l

    ----------------------------------------------------------------------
       674         16          0          0         96        880   Library Totals

    ----------------------------------------------------------------------

==============================================================================


      Code (inc. data)   RO Data    RW Data    ZI Data      Debug   

     29366        504        766         64       3216     333805   Grand Totals
     29366        504        766         64       3216     333805   ELF Image Totals
     29366        504        766         64          0          0   ROM Totals

==============================================================================

    Total RO  Size (Code + RO Data)                30132 (  29.43kB)
    Total RW  Size (RW Data + ZI Data)              3280 (   3.20kB)
    Total ROM Size (Code + RO Data + RW Data)      30196 (  29.49kB)

==============================================================================

